Archive member included to satisfy reference by file (symbol)

/opt/st/stm32cubeide_1.15.1/plugins/com.st.stm32cube.ide.mcu.externaltools.gnu-tools-for-stm32.12.3.rel1.linux64_1.0.100.202403111256/tools/bin/../lib/gcc/arm-none-eabi/12.3.1/../../../../arm-none-eabi/lib/thumb/v8-m.main+fp/hard/libc_nano.a(libc_a-exit.o)
                              /opt/st/stm32cubeide_1.15.1/plugins/com.st.stm32cube.ide.mcu.externaltools.gnu-tools-for-stm32.12.3.rel1.linux64_1.0.100.202403111256/tools/bin/../lib/gcc/arm-none-eabi/12.3.1/../../../../arm-none-eabi/lib/thumb/v8-m.main+fp/hard/crt0.o (exit)
/opt/st/stm32cubeide_1.15.1/plugins/com.st.stm32cube.ide.mcu.externaltools.gnu-tools-for-stm32.12.3.rel1.linux64_1.0.100.202403111256/tools/bin/../lib/gcc/arm-none-eabi/12.3.1/../../../../arm-none-eabi/lib/thumb/v8-m.main+fp/hard/libc_nano.a(libc_a-findfp.o)
                              /opt/st/stm32cubeide_1.15.1/plugins/com.st.stm32cube.ide.mcu.externaltools.gnu-tools-for-stm32.12.3.rel1.linux64_1.0.100.202403111256/tools/bin/../lib/gcc/arm-none-eabi/12.3.1/../../../../arm-none-eabi/lib/thumb/v8-m.main+fp/hard/libc_nano.a(libc_a-exit.o) (__stdio_exit_handler)
/opt/st/stm32cubeide_1.15.1/plugins/com.st.stm32cube.ide.mcu.externaltools.gnu-tools-for-stm32.12.3.rel1.linux64_1.0.100.202403111256/tools/bin/../lib/gcc/arm-none-eabi/12.3.1/../../../../arm-none-eabi/lib/thumb/v8-m.main+fp/hard/libc_nano.a(libc_a-fwalk.o)
                              /opt/st/stm32cubeide_1.15.1/plugins/com.st.stm32cube.ide.mcu.externaltools.gnu-tools-for-stm32.12.3.rel1.linux64_1.0.100.202403111256/tools/bin/../lib/gcc/arm-none-eabi/12.3.1/../../../../arm-none-eabi/lib/thumb/v8-m.main+fp/hard/libc_nano.a(libc_a-findfp.o) (_fwalk_sglue)
/opt/st/stm32cubeide_1.15.1/plugins/com.st.stm32cube.ide.mcu.externaltools.gnu-tools-for-stm32.12.3.rel1.linux64_1.0.100.202403111256/tools/bin/../lib/gcc/arm-none-eabi/12.3.1/../../../../arm-none-eabi/lib/thumb/v8-m.main+fp/hard/libc_nano.a(libc_a-sprintf.o)
                              ./Core/Src/main.o (sprintf)
/opt/st/stm32cubeide_1.15.1/plugins/com.st.stm32cube.ide.mcu.externaltools.gnu-tools-for-stm32.12.3.rel1.linux64_1.0.100.202403111256/tools/bin/../lib/gcc/arm-none-eabi/12.3.1/../../../../arm-none-eabi/lib/thumb/v8-m.main+fp/hard/libc_nano.a(libc_a-stdio.o)
                              /opt/st/stm32cubeide_1.15.1/plugins/com.st.stm32cube.ide.mcu.externaltools.gnu-tools-for-stm32.12.3.rel1.linux64_1.0.100.202403111256/tools/bin/../lib/gcc/arm-none-eabi/12.3.1/../../../../arm-none-eabi/lib/thumb/v8-m.main+fp/hard/libc_nano.a(libc_a-findfp.o) (__sread)
/opt/st/stm32cubeide_1.15.1/plugins/com.st.stm32cube.ide.mcu.externaltools.gnu-tools-for-stm32.12.3.rel1.linux64_1.0.100.202403111256/tools/bin/../lib/gcc/arm-none-eabi/12.3.1/../../../../arm-none-eabi/lib/thumb/v8-m.main+fp/hard/libc_nano.a(libc_a-memset.o)
                              /opt/st/stm32cubeide_1.15.1/plugins/com.st.stm32cube.ide.mcu.externaltools.gnu-tools-for-stm32.12.3.rel1.linux64_1.0.100.202403111256/tools/bin/../lib/gcc/arm-none-eabi/12.3.1/../../../../arm-none-eabi/lib/thumb/v8-m.main+fp/hard/crt0.o (memset)
/opt/st/stm32cubeide_1.15.1/plugins/com.st.stm32cube.ide.mcu.externaltools.gnu-tools-for-stm32.12.3.rel1.linux64_1.0.100.202403111256/tools/bin/../lib/gcc/arm-none-eabi/12.3.1/../../../../arm-none-eabi/lib/thumb/v8-m.main+fp/hard/libc_nano.a(libc_a-closer.o)
                              /opt/st/stm32cubeide_1.15.1/plugins/com.st.stm32cube.ide.mcu.externaltools.gnu-tools-for-stm32.12.3.rel1.linux64_1.0.100.202403111256/tools/bin/../lib/gcc/arm-none-eabi/12.3.1/../../../../arm-none-eabi/lib/thumb/v8-m.main+fp/hard/libc_nano.a(libc_a-stdio.o) (_close_r)
/opt/st/stm32cubeide_1.15.1/plugins/com.st.stm32cube.ide.mcu.externaltools.gnu-tools-for-stm32.12.3.rel1.linux64_1.0.100.202403111256/tools/bin/../lib/gcc/arm-none-eabi/12.3.1/../../../../arm-none-eabi/lib/thumb/v8-m.main+fp/hard/libc_nano.a(libc_a-reent.o)
                              /opt/st/stm32cubeide_1.15.1/plugins/com.st.stm32cube.ide.mcu.externaltools.gnu-tools-for-stm32.12.3.rel1.linux64_1.0.100.202403111256/tools/bin/../lib/gcc/arm-none-eabi/12.3.1/../../../../arm-none-eabi/lib/thumb/v8-m.main+fp/hard/libc_nano.a(libc_a-closer.o) (errno)
/opt/st/stm32cubeide_1.15.1/plugins/com.st.stm32cube.ide.mcu.externaltools.gnu-tools-for-stm32.12.3.rel1.linux64_1.0.100.202403111256/tools/bin/../lib/gcc/arm-none-eabi/12.3.1/../../../../arm-none-eabi/lib/thumb/v8-m.main+fp/hard/libc_nano.a(libc_a-impure.o)
                              /opt/st/stm32cubeide_1.15.1/plugins/com.st.stm32cube.ide.mcu.externaltools.gnu-tools-for-stm32.12.3.rel1.linux64_1.0.100.202403111256/tools/bin/../lib/gcc/arm-none-eabi/12.3.1/../../../../arm-none-eabi/lib/thumb/v8-m.main+fp/hard/libc_nano.a(libc_a-sprintf.o) (_impure_ptr)
[...]
Memory Configuration

Name             Origin             Length             Attributes
RAM              0x20000000         0x00030000         xrw
RAM2             0x20030000         0x00010000         xrw
FLASH            0x08000000         0x00080000         xr
*default*        0x00000000         0xffffffff

Linker script and memory map

LOAD /opt/st/stm32cubeide_1.15.1/plugins/com.st.stm32cube.ide.mcu.externaltools.gnu-tools-for-stm32.12.3.rel1.linux64_1.0.100.202403111256/tools/bin/../lib/gcc/arm-none-eabi/12.3.1/thumb/v8-m.main+fp/hard/crti.o
LOAD /opt/st/stm32cubeide_1.15.1/plugins/com.st.stm32cube.ide.mcu.externaltools.gnu-tools-for-stm32.12.3.rel1.linux64_1.0.100.202403111256/tools/bin/../lib/gcc/arm-none-eabi/12.3.1/thumb/v8-m.main+fp/hard/crtbegin.o
LOAD /opt/st/stm32cubeide_1.15.1/plugins/com.st.stm32cube.ide.mcu.externaltools.gnu-tools-for-stm32.12.3.rel1.linux64_1.0.100.202403111256/tools/bin/../lib/gcc/arm-none-eabi/12.3.1/../../../../arm-none-eabi/lib/thumb/v8-m.main+fp/hard/crt0.o
LOAD ./Core/Src/dma.o
LOAD ./Core/Src/gpio.o
LOAD ./Core/Src/i2c.o
LOAD ./Core/Src/main.o
LOAD ./Core/Src/sdmmc.o
LOAD ./Core/Src/spi.o
LOAD ./Core/Src/stm32l5xx_hal_msp.o
LOAD ./Core/Src/stm32l5xx_it.o
LOAD ./Core/Src/syscalls.o
LOAD ./Core/Src/sysmem.o
LOAD ./Core/Src/system_stm32l5xx.o
LOAD ./Core/Src/tim.o
LOAD ./Core/Src/usart.o
LOAD ./Core/Startup/startup_stm32l562zetxq.o
LOAD ./Drivers/STM32L5xx_HAL_Driver/Src/stm32l5xx_hal.o
LOAD ./Drivers/STM32L5xx_HAL_Driver/Src/stm32l5xx_hal_cortex.o
LOAD ./Drivers/STM32L5xx_HAL_Driver/Src/stm32l5xx_hal_dma.o
LOAD ./Drivers/STM32L5xx_HAL_Driver/Src/stm32l5xx_hal_dma_ex.o
LOAD ./Drivers/STM32L5xx_HAL_Driver/Src/stm32l5xx_hal_exti.o
LOAD ./Drivers/STM32L5xx_HAL_Driver/Src/stm32l5xx_hal_flash.o
LOAD ./Drivers/STM32L5xx_HAL_Driver/Src/stm32l5xx_hal_flash_ex.o
LOAD ./Drivers/STM32L5xx_HAL_Driver/Src/stm32l5xx_hal_flash_ramfunc.o
LOAD ./Drivers/STM32L5xx_HAL_Driver/Src/stm32l5xx_hal_gpio.o
LOAD ./Drivers/STM32L5xx_HAL_Driver/Src/stm32l5xx_hal_i2c.o
LOAD ./Drivers/STM32L5xx_HAL_Driver/Src/stm32l5xx_hal_i2c_ex.o
LOAD ./Drivers/STM32L5xx_HAL_Driver/Src/stm32l5xx_hal_icache.o
LOAD ./Drivers/STM32L5xx_HAL_Driver/Src/stm32l5xx_hal_pwr.o
LOAD ./Drivers/STM32L5xx_HAL_Driver/Src/stm32l5xx_hal_pwr_ex.o
LOAD ./Drivers/STM32L5xx_HAL_Driver/Src/stm32l5xx_hal_rcc.o
LOAD ./Drivers/STM32L5xx_HAL_Driver/Src/stm32l5xx_hal_rcc_ex.o
LOAD ./Drivers/STM32L5xx_HAL_Driver/Src/stm32l5xx_hal_sd.o
LOAD ./Drivers/STM32L5xx_HAL_Driver/Src/stm32l5xx_hal_sd_ex.o
LOAD ./Drivers/STM32L5xx_HAL_Driver/Src/stm32l5xx_hal_spi.o
LOAD ./Drivers/STM32L5xx_HAL_Driver/Src/stm32l5xx_hal_spi_ex.o
LOAD ./Drivers/STM32L5xx_HAL_Driver/Src/stm32l5xx_hal_tim.o
LOAD ./Drivers/STM32L5xx_HAL_Driver/Src/stm32l5xx_hal_tim_ex.o
LOAD ./Drivers/STM32L5xx_HAL_Driver/Src/stm32l5xx_hal_uart.o
LOAD ./Drivers/STM32L5xx_HAL_Driver/Src/stm32l5xx_hal_uart_ex.o
LOAD ./Drivers/STM32L5xx_HAL_Driver/Src/stm32l5xx_ll_sdmmc.o
LOAD ./FATFS/App/app_fatfs.o
LOAD ./FATFS/Target/sd_diskio.o
LOAD ./Middlewares/Third_Party/FatFs/src/diskio.o
LOAD ./Middlewares/Third_Party/FatFs/src/ff.o
LOAD ./Middlewares/Third_Party/FatFs/src/ff_gen_drv.o
LOAD ./Middlewares/Third_Party/FatFs/src/option/syscall.o
START GROUP
LOAD /opt/st/stm32cubeide_1.15.1/plugins/com.st.stm32cube.ide.mcu.externaltools.gnu-tools-for-stm32.12.3.rel1.linux64_1.0.100.202403111256/tools/bin/../lib/gcc/arm-none-eabi/12.3.1/../../../../arm-none-eabi/lib/thumb/v8-m.main+fp/hard/libc_nano.a
LOAD /opt/st/stm32cubeide_1.15.1/plugins/com.st.stm32cube.ide.mcu.externaltools.gnu-tools-for-stm32.12.3.rel1.linux64_1.0.100.202403111256/tools/bin/../lib/gcc/arm-none-eabi/12.3.1/../../../../arm-none-eabi/lib/thumb/v8-m.main+fp/hard/libm.a
END GROUP
START GROUP
LOAD /opt/st/stm32cubeide_1.15.1/plugins/com.st.stm32cube.ide.mcu.externaltools.gnu-tools-for-stm32.12.3.rel1.linux64_1.0.100.202403111256/tools/bin/../lib/gcc/arm-none-eabi/12.3.1/thumb/v8-m.main+fp/hard/libgcc.a
LOAD /opt/st/stm32cubeide_1.15.1/plugins/com.st.stm32cube.ide.mcu.externaltools.gnu-tools-for-stm32.12.3.rel1.linux64_1.0.100.202403111256/tools/bin/../lib/gcc/arm-none-eabi/12.3.1/../../../../arm-none-eabi/lib/thumb/v8-m.main+fp/hard/libc_nano.a
END GROUP
START GROUP
LOAD /opt/st/stm32cubeide_1.15.1/plugins/com.st.stm32cube.ide.mcu.externaltools.gnu-tools-for-stm32.12.3.rel1.linux64_1.0.100.202403111256/tools/bin/../lib/gcc/arm-none-eabi/12.3.1/thumb/v8-m.main+fp/hard/libgcc.a
LOAD /opt/st/stm32cubeide_1.15.1/plugins/com.st.stm32cube.ide.mcu.externaltools.gnu-tools-for-stm32.12.3.rel1.linux64_1.0.100.202403111256/tools/bin/../lib/gcc/arm-none-eabi/12.3.1/../../../../arm-none-eabi/lib/thumb/v8-m.main+fp/hard/libc_nano.a
LOAD /opt/st/stm32cubeide_1.15.1/plugins/com.st.stm32cube.ide.mcu.externaltools.gnu-tools-for-stm32.12.3.rel1.linux64_1.0.100.202403111256/tools/bin/../lib/gcc/arm-none-eabi/12.3.1/../../../../arm-none-eabi/lib/thumb/v8-m.main+fp/hard/libnosys.a
END GROUP
START GROUP
LOAD /opt/st/stm32cubeide_1.15.1/plugins/com.st.stm32cube.ide.mcu.externaltools.gnu-tools-for-stm32.12.3.rel1.linux64_1.0.100.202403111256/tools/bin/../lib/gcc/arm-none-eabi/12.3.1/thumb/v8-m.main+fp/hard/libgcc.a
LOAD /opt/st/stm32cubeide_1.15.1/plugins/com.st.stm32cube.ide.mcu.externaltools.gnu-tools-for-stm32.12.3.rel1.linux64_1.0.100.202403111256/tools/bin/../lib/gcc/arm-none-eabi/12.3.1/../../../../arm-none-eabi/lib/thumb/v8-m.main+fp/hard/libc_nano.a
LOAD /opt/st/stm32cubeide_1.15.1/plugins/com.st.stm32cube.ide.mcu.externaltools.gnu-tools-for-stm32.12.3.rel1.linux64_1.0.100.202403111256/tools/bin/../lib/gcc/arm-none-eabi/12.3.1/../../../../arm-none-eabi/lib/thumb/v8-m.main+fp/hard/libnosys.a
END GROUP
LOAD /opt/st/stm32cubeide_1.15.1/plugins/com.st.stm32cube.ide.mcu.externaltools.gnu-tools-for-stm32.12.3.rel1.linux64_1.0.100.202403111256/tools/bin/../lib/gcc/arm-none-eabi/12.3.1/thumb/v8-m.main+fp/hard/crtend.o
LOAD /opt/st/stm32cubeide_1.15.1/plugins/com.st.stm32cube.ide.mcu.externaltools.gnu-tools-for-stm32.12.3.rel1.linux64_1.0.100.202403111256/tools/bin/../lib/gcc/arm-none-eabi/12.3.1/thumb/v8-m.main+fp/hard/crtn.o
                0x20030000                        _estack = (ORIGIN (RAM) + LENGTH (RAM))
                0x00000400                        _Min_Heap_Size = 0x400
                0x00000800                        _Min_Stack_Size = 0x800

.isr_vector     0x08000000      0x1f4
                0x08000000                        . = ALIGN (0x4)
 *(.isr_vector)
 .isr_vector    0x08000000      0x1f4 ./Core/Startup/startup_stm32l562zetxq.o
                0x08000000                g_pfnVectors
                0x080001f4                        . = ALIGN (0x4)

.text           0x080001f4     0x69bc
                0x080001f4                        . = ALIGN (0x4)
 *(.text)
 .text          0x080001f4       0x40 /opt/st/stm32cubeide_1.15.1/plugins/com.st.stm32cube.ide.mcu.externaltools.gnu-tools-for-stm32.12.3.rel1.linux64_1.0.100.202403111256/tools/bin/../lib/gcc/arm-none-eabi/12.3.1/thumb/v8-m.main+fp/hard/crtbegin.o
 .text          0x08000234       0x30 /opt/st/stm32cubeide_1.15.1/plugins/com.st.stm32cube.ide.mcu.externaltools.gnu-tools-for-stm32.12.3.rel1.linux64_1.0.100.202403111256/tools/bin/../lib/gcc/arm-none-eabi/12.3.1/thumb/v8-m.main+fp/hard/libgcc.a(_aeabi_uldivmod.o)
                0x08000234                __aeabi_uldivmod
 .text          0x08000264      0x2e4 /opt/st/stm32cubeide_1.15.1/plugins/com.st.stm32cube.ide.mcu.externaltools.gnu-tools-for-stm32.12.3.rel1.linux64_1.0.100.202403111256/tools/bin/../lib/gcc/arm-none-eabi/12.3.1/thumb/v8-m.main+fp/hard/libgcc.a(_udivmoddi4.o)
                0x08000264                __udivmoddi4
 .text          0x08000548        0x4 /opt/st/stm32cubeide_1.15.1/plugins/com.st.stm32cube.ide.mcu.externaltools.gnu-tools-for-stm32.12.3.rel1.linux64_1.0.100.202403111256/tools/bin/../lib/gcc/arm-none-eabi/12.3.1/thumb/v8-m.main+fp/hard/libgcc.a(_dvmd_tls.o)
                0x08000548                __aeabi_ldiv0
                0x08000548                __aeabi_idiv0
 *(.text*)
 .text.MX_DMA_Init
                0x0800054c       0x54 ./Core/Src/dma.o
                0x0800054c                MX_DMA_Init
 .text.MX_GPIO_Init
                0x080005a0      0x2d4 ./Core/Src/gpio.o
                0x080005a0                MX_GPIO_Init
 .text.MX_I2C1_Init
                0x08000874       0x80 ./Core/Src/i2c.o
                0x08000874                MX_I2C1_Init
 .text.MX_I2C2_Init
                0x080008f4       0x80 ./Core/Src/i2c.o
                0x080008f4                MX_I2C2_Init
 .text.MX_I2C3_Init
                0x08000974       0x80 ./Core/Src/i2c.o
                0x08000974                MX_I2C3_Init
 .text.HAL_I2C_MspInit
                0x080009f4      0x1d8 ./Core/Src/i2c.o
                0x080009f4                HAL_I2C_MspInit
 .text.main     0x08000bcc       0x80 ./Core/Src/main.o
                0x08000bcc                main
 .text.SystemClock_Config
                0x08000c4c       0xd0 ./Core/Src/main.o
                0x08000c4c                SystemClock_Config
 .text.MX_TIM3_Init
                0x08000d1c       0xe4 ./Core/Src/main.o
                0x08000d1c                MX_TIM3_Init
 .text.Error_Handler
                0x08000e00        0xc ./Core/Src/main.o
                0x08000e00                Error_Handler
 .text.MX_SDMMC1_SD_Init
                0x08000e0c       0x3c ./Core/Src/sdmmc.o
                0x08000e0c                MX_SDMMC1_SD_Init
 .text.MX_SPI1_Init
                0x08000e48       0x7c ./Core/Src/spi.o
                0x08000e48                MX_SPI1_Init
 .text.MX_SPI2_Init
                0x08000ec4       0x7c ./Core/Src/spi.o
                0x08000ec4                MX_SPI2_Init
 .text.HAL_SPI_MspInit
                0x08000f40      0x12c ./Core/Src/spi.o
                0x08000f40                HAL_SPI_MspInit
 .text.HAL_MspInit
                0x0800106c       0x48 ./Core/Src/stm32l5xx_hal_msp.o
                0x0800106c                HAL_MspInit
 .text.NMI_Handler
                0x080010b4        0x8 ./Core/Src/stm32l5xx_it.o
                0x080010b4                NMI_Handler
 .text.HardFault_Handler
                0x080010bc        0x8 ./Core/Src/stm32l5xx_it.o
                0x080010bc                HardFault_Handler
 .text.MemManage_Handler
                0x080010c4        0x8 ./Core/Src/stm32l5xx_it.o
                0x080010c4                MemManage_Handler
 .text.BusFault_Handler
                0x080010cc        0x8 ./Core/Src/stm32l5xx_it.o
                0x080010cc                BusFault_Handler
 .text.UsageFault_Handler
                0x080010d4        0x8 ./Core/Src/stm32l5xx_it.o
                0x080010d4                UsageFault_Handler
 .text.SVC_Handler
                0x080010dc        0xe ./Core/Src/stm32l5xx_it.o
                0x080010dc                SVC_Handler
 .text.DebugMon_Handler
                0x080010ea        0xe ./Core/Src/stm32l5xx_it.o
                0x080010ea                DebugMon_Handler
 .text.PendSV_Handler
                0x080010f8        0xe ./Core/Src/stm32l5xx_it.o
                0x080010f8                PendSV_Handler
 .text.SysTick_Handler
                0x08001106        0xc ./Core/Src/stm32l5xx_it.o
                0x08001106                SysTick_Handler
 *fill*         0x08001112        0x2 
 .text.DMA1_Channel1_IRQHandler
                0x08001114       0x14 ./Core/Src/stm32l5xx_it.o
                0x08001114                DMA1_Channel1_IRQHandler
 .text.SDMMC1_IRQHandler
                0x08001128       0x14 ./Core/Src/stm32l5xx_it.o
                0x08001128                SDMMC1_IRQHandler
 .text.SystemInit
                0x0800113c       0x24 ./Core/Src/system_stm32l5xx.o
                0x0800113c                SystemInit
 .text.SystemCoreClockUpdate
                0x08001160      0x158 ./Core/Src/system_stm32l5xx.o
                0x08001160                SystemCoreClockUpdate
 .text.MX_TIM1_Init
                0x080012b8      0x124 ./Core/Src/tim.o
                0x080012b8                MX_TIM1_Init
 .text.HAL_TIM_PWM_MspInit
                0x080013dc       0xf8 ./Core/Src/tim.o
                0x080013dc                HAL_TIM_PWM_MspInit
 .text.HAL_TIM_MspPostInit
                0x080014d4       0x70 ./Core/Src/tim.o
                0x080014d4                HAL_TIM_MspPostInit
 .text.MX_LPUART1_UART_Init
                0x08001544       0x9c ./Core/Src/usart.o
                0x08001544                MX_LPUART1_UART_Init
 .text.MX_UART4_Init
                0x080015e0       0x98 ./Core/Src/usart.o
                0x080015e0                MX_UART4_Init
 .text.MX_USART1_UART_Init
                0x08001678       0x98 ./Core/Src/usart.o
                0x08001678                MX_USART1_UART_Init
 .text.MX_USART2_UART_Init
                0x08001710       0x98 ./Core/Src/usart.o
                0x08001710                MX_USART2_UART_Init
 .text.MX_USART3_UART_Init
                0x080017a8       0x98 ./Core/Src/usart.o
                0x080017a8                MX_USART3_UART_Init
 .text.HAL_UART_MspInit
                0x08001840      0x374 ./Core/Src/usart.o
                0x08001840                HAL_UART_MspInit
 .text.Reset_Handler
                0x08001bb4       0x50 ./Core/Startup/startup_stm32l562zetxq.o
                0x08001bb4                Reset_Handler
 .text.Default_Handler
                0x08001c04        0x2 ./Core/Startup/startup_stm32l562zetxq.o
                0x08001c04                EXTI2_IRQHandler
                0x08001c04                TIM8_TRG_COM_IRQHandler
                0x08001c04                TIM8_CC_IRQHandler
                0x08001c04                EXTI5_IRQHandler
                0x08001c04                FLASH_S_IRQHandler
                0x08001c04                EXTI13_IRQHandler
                0x08001c04                TIM1_CC_IRQHandler
                0x08001c04                TSC_IRQHandler
                0x08001c04                TAMP_IRQHandler
                0x08001c04                TIM6_IRQHandler
                0x08001c04                EXTI12_IRQHandler
                0x08001c04                DMA2_Channel8_IRQHandler
                0x08001c04                EXTI3_IRQHandler
                0x08001c04                EXTI8_IRQHandler
                0x08001c04                LPTIM2_IRQHandler
                0x08001c04                DFSDM1_FLT1_IRQHandler
                0x08001c04                USB_FS_IRQHandler
                0x08001c04                I2C3_ER_IRQHandler
                0x08001c04                DFSDM1_FLT2_IRQHandler
                0x08001c04                DMAMUX1_IRQHandler
                0x08001c04                LPTIM3_IRQHandler
                0x08001c04                EXTI0_IRQHandler
                0x08001c04                I2C2_EV_IRQHandler
                0x08001c04                FPU_IRQHandler
                0x08001c04                FDCAN1_IT1_IRQHandler
                0x08001c04                ADC1_2_IRQHandler
                0x08001c04                SPI1_IRQHandler
                0x08001c04                OCTOSPI1_IRQHandler
                0x08001c04                TIM8_UP_IRQHandler
                0x08001c04                RCC_S_IRQHandler
                0x08001c04                DMA2_Channel2_IRQHandler
                0x08001c04                DMA1_Channel4_IRQHandler
                0x08001c04                SAI2_IRQHandler
                0x08001c04                DFSDM1_FLT3_IRQHandler
                0x08001c04                PKA_IRQHandler
                0x08001c04                EXTI15_IRQHandler
                0x08001c04                TIM17_IRQHandler
                0x08001c04                USART3_IRQHandler
                0x08001c04                RTC_IRQHandler
                0x08001c04                EXTI9_IRQHandler
                0x08001c04                DMA1_Channel7_IRQHandler
                0x08001c04                UART5_IRQHandler
                0x08001c04                TIM4_IRQHandler
                0x08001c04                DMA2_Channel1_IRQHandler
                0x08001c04                I2C1_EV_IRQHandler
                0x08001c04                DMA1_Channel6_IRQHandler
                0x08001c04                TIM16_IRQHandler
                0x08001c04                UART4_IRQHandler
                0x08001c04                DMA2_Channel4_IRQHandler
                0x08001c04                SecureFault_Handler
                0x08001c04                TIM3_IRQHandler
                0x08001c04                RCC_IRQHandler
                0x08001c04                TIM1_TRG_COM_IRQHandler
                0x08001c04                Default_Handler
                0x08001c04                DMA2_Channel7_IRQHandler
                0x08001c04                OTFDEC1_IRQHandler
                0x08001c04                DMA1_Channel8_IRQHandler
                0x08001c04                TIM7_IRQHandler
                0x08001c04                TIM5_IRQHandler
                0x08001c04                UCPD1_IRQHandler
                0x08001c04                TIM15_IRQHandler
                0x08001c04                I2C3_EV_IRQHandler
                0x08001c04                PVD_PVM_IRQHandler
                0x08001c04                SPI2_IRQHandler
                0x08001c04                EXTI14_IRQHandler
                0x08001c04                EXTI11_IRQHandler
                0x08001c04                DMA2_Channel5_IRQHandler
                0x08001c04                CRS_IRQHandler
                0x08001c04                DMA1_Channel5_IRQHandler
                0x08001c04                EXTI4_IRQHandler
                0x08001c04                RTC_S_IRQHandler
                0x08001c04                RNG_IRQHandler
                0x08001c04                DMAMUX1_S_IRQHandler
                0x08001c04                DMA1_Channel3_IRQHandler
                0x08001c04                COMP_IRQHandler
                0x08001c04                TIM1_UP_IRQHandler
                0x08001c04                WWDG_IRQHandler
                0x08001c04                I2C4_EV_IRQHandler
                0x08001c04                LPUART1_IRQHandler
                0x08001c04                DMA2_Channel6_IRQHandler
                0x08001c04                FDCAN1_IT0_IRQHandler
                0x08001c04                TIM2_IRQHandler
                0x08001c04                TAMP_S_IRQHandler
                0x08001c04                EXTI7_IRQHandler
                0x08001c04                TIM1_BRK_IRQHandler
                0x08001c04                DAC_IRQHandler
                0x08001c04                EXTI1_IRQHandler
                0x08001c04                AES_IRQHandler
                0x08001c04                GTZC_IRQHandler
                0x08001c04                USART2_IRQHandler
                0x08001c04                DFSDM1_FLT0_IRQHandler
                0x08001c04                I2C2_ER_IRQHandler
                0x08001c04                DMA1_Channel2_IRQHandler
                0x08001c04                TIM8_BRK_IRQHandler
                0x08001c04                FLASH_IRQHandler
                0x08001c04                USART1_IRQHandler
                0x08001c04                EXTI10_IRQHandler
                0x08001c04                SPI3_IRQHandler
                0x08001c04                I2C1_ER_IRQHandler
                0x08001c04                FMC_IRQHandler
                0x08001c04                EXTI6_IRQHandler
                0x08001c04                LPTIM1_IRQHandler
                0x08001c04                I2C4_ER_IRQHandler
                0x08001c04                ICACHE_IRQHandler
                0x08001c04                SAI1_IRQHandler
                0x08001c04                HASH_IRQHandler
                0x08001c04                DMA2_Channel3_IRQHandler
 .text.HAL_Init
                0x08001c06       0x34 ./Drivers/STM32L5xx_HAL_Driver/Src/stm32l5xx_hal.o
                0x08001c06                HAL_Init
 *fill*         0x08001c3a        0x2 
 .text.HAL_InitTick
                0x08001c3c       0x78 ./Drivers/STM32L5xx_HAL_Driver/Src/stm32l5xx_hal.o
                0x08001c3c                HAL_InitTick
 .text.HAL_IncTick
                0x08001cb4       0x28 ./Drivers/STM32L5xx_HAL_Driver/Src/stm32l5xx_hal.o
                0x08001cb4                HAL_IncTick
 .text.HAL_GetTick
                0x08001cdc       0x18 ./Drivers/STM32L5xx_HAL_Driver/Src/stm32l5xx_hal.o
                0x08001cdc                HAL_GetTick
 .text.__NVIC_SetPriorityGrouping
                0x08001cf4       0x48 ./Drivers/STM32L5xx_HAL_Driver/Src/stm32l5xx_hal_cortex.o
 .text.__NVIC_GetPriorityGrouping
                0x08001d3c       0x1c ./Drivers/STM32L5xx_HAL_Driver/Src/stm32l5xx_hal_cortex.o
 .text.__NVIC_EnableIRQ
                0x08001d58       0x3c ./Drivers/STM32L5xx_HAL_Driver/Src/stm32l5xx_hal_cortex.o
 .text.__NVIC_SetPriority
                0x08001d94       0x54 ./Drivers/STM32L5xx_HAL_Driver/Src/stm32l5xx_hal_cortex.o
 .text.NVIC_EncodePriority
                0x08001de8       0x66 ./Drivers/STM32L5xx_HAL_Driver/Src/stm32l5xx_hal_cortex.o
 *fill*         0x08001e4e        0x2 
 .text.SysTick_Config
                0x08001e50       0x44 ./Drivers/STM32L5xx_HAL_Driver/Src/stm32l5xx_hal_cortex.o
 .text.HAL_NVIC_SetPriorityGrouping
                0x08001e94       0x16 ./Drivers/STM32L5xx_HAL_Driver/Src/stm32l5xx_hal_cortex.o
                0x08001e94                HAL_NVIC_SetPriorityGrouping
 .text.HAL_NVIC_SetPriority
                0x08001eaa       0x34 ./Drivers/STM32L5xx_HAL_Driver/Src/stm32l5xx_hal_cortex.o
                0x08001eaa                HAL_NVIC_SetPriority
 .text.HAL_NVIC_EnableIRQ
                0x08001ede       0x1c ./Drivers/STM32L5xx_HAL_Driver/Src/stm32l5xx_hal_cortex.o
                0x08001ede                HAL_NVIC_EnableIRQ
 .text.HAL_SYSTICK_Config
                0x08001efa       0x18 ./Drivers/STM32L5xx_HAL_Driver/Src/stm32l5xx_hal_cortex.o
                0x08001efa                HAL_SYSTICK_Config
 *fill*         0x08001f12        0x2 
 .text.HAL_SYSTICK_CLKSourceConfig
                0x08001f14       0x38 ./Drivers/STM32L5xx_HAL_Driver/Src/stm32l5xx_hal_cortex.o
                0x08001f14                HAL_SYSTICK_CLKSourceConfig
 .text.HAL_DMA_Init
                0x08001f4c      0x150 ./Drivers/STM32L5xx_HAL_Driver/Src/stm32l5xx_hal_dma.o
                0x08001f4c                HAL_DMA_Init
 .text.HAL_DMA_IRQHandler
                0x0800209c      0x200 ./Drivers/STM32L5xx_HAL_Driver/Src/stm32l5xx_hal_dma.o
                0x0800209c                HAL_DMA_IRQHandler
 .text.HAL_DMA_ConfigChannelAttributes
                0x0800229c       0x60 ./Drivers/STM32L5xx_HAL_Driver/Src/stm32l5xx_hal_dma.o
                0x0800229c                HAL_DMA_ConfigChannelAttributes
 .text.DMA_CalcDMAMUXChannelBaseAndMask
                0x080022fc       0x7c ./Drivers/STM32L5xx_HAL_Driver/Src/stm32l5xx_hal_dma.o
 .text.DMA_CalcDMAMUXRequestGenBaseAndMask
                0x08002378       0x48 ./Drivers/STM32L5xx_HAL_Driver/Src/stm32l5xx_hal_dma.o
 .text.HAL_EXTI_ConfigLineAttributes
                0x080023c0       0x7c ./Drivers/STM32L5xx_HAL_Driver/Src/stm32l5xx_hal_exti.o
                0x080023c0                HAL_EXTI_ConfigLineAttributes
 .text.HAL_GPIO_Init
                0x0800243c      0x300 ./Drivers/STM32L5xx_HAL_Driver/Src/stm32l5xx_hal_gpio.o
                0x0800243c                HAL_GPIO_Init
 .text.HAL_GPIO_WritePin
                0x0800273c       0x30 ./Drivers/STM32L5xx_HAL_Driver/Src/stm32l5xx_hal_gpio.o
                0x0800273c                HAL_GPIO_WritePin
 .text.HAL_I2C_Init
                0x0800276c      0x136 ./Drivers/STM32L5xx_HAL_Driver/Src/stm32l5xx_hal_i2c.o
                0x0800276c                HAL_I2C_Init
 .text.HAL_I2CEx_ConfigAnalogFilter
                0x080028a2       0x96 ./Drivers/STM32L5xx_HAL_Driver/Src/stm32l5xx_hal_i2c_ex.o
                0x080028a2                HAL_I2CEx_ConfigAnalogFilter
 .text.HAL_I2CEx_ConfigDigitalFilter
                0x08002938       0x98 ./Drivers/STM32L5xx_HAL_Driver/Src/stm32l5xx_hal_i2c_ex.o
                0x08002938                HAL_I2CEx_ConfigDigitalFilter
 .text.HAL_PWREx_GetVoltageRange
                0x080029d0       0x1c ./Drivers/STM32L5xx_HAL_Driver/Src/stm32l5xx_hal_pwr_ex.o
                0x080029d0                HAL_PWREx_GetVoltageRange
 .text.HAL_PWREx_ControlVoltageScaling
                0x080029ec       0xb8 ./Drivers/STM32L5xx_HAL_Driver/Src/stm32l5xx_hal_pwr_ex.o
                0x080029ec                HAL_PWREx_ControlVoltageScaling
 .text.HAL_PWREx_EnableVddIO2
                0x08002aa4       0x20 ./Drivers/STM32L5xx_HAL_Driver/Src/stm32l5xx_hal_pwr_ex.o
                0x08002aa4                HAL_PWREx_EnableVddIO2
 .text.HAL_PWREx_DisableUCPDDeadBattery
                0x08002ac4       0x20 ./Drivers/STM32L5xx_HAL_Driver/Src/stm32l5xx_hal_pwr_ex.o
                0x08002ac4                HAL_PWREx_DisableUCPDDeadBattery
 .text.HAL_PWREx_SMPS_GetEffectiveMode
                0x08002ae4       0x48 ./Drivers/STM32L5xx_HAL_Driver/Src/stm32l5xx_hal_pwr_ex.o
                0x08002ae4                HAL_PWREx_SMPS_GetEffectiveMode
 .text.HAL_RCC_OscConfig
                0x08002b2c      0x9ac ./Drivers/STM32L5xx_HAL_Driver/Src/stm32l5xx_hal_rcc.o
                0x08002b2c                HAL_RCC_OscConfig
 .text.HAL_RCC_ClockConfig
                0x080034d8      0x270 ./Drivers/STM32L5xx_HAL_Driver/Src/stm32l5xx_hal_rcc.o
                0x080034d8                HAL_RCC_ClockConfig
 .text.HAL_RCC_GetSysClockFreq
                0x08003748      0x138 ./Drivers/STM32L5xx_HAL_Driver/Src/stm32l5xx_hal_rcc.o
                0x08003748                HAL_RCC_GetSysClockFreq
 .text.HAL_RCC_GetHCLKFreq
                0x08003880       0x28 ./Drivers/STM32L5xx_HAL_Driver/Src/stm32l5xx_hal_rcc.o
                0x08003880                HAL_RCC_GetHCLKFreq
 .text.HAL_RCC_GetPCLK1Freq
                0x080038a8       0x28 ./Drivers/STM32L5xx_HAL_Driver/Src/stm32l5xx_hal_rcc.o
                0x080038a8                HAL_RCC_GetPCLK1Freq
 .text.HAL_RCC_GetPCLK2Freq
                0x080038d0       0x28 ./Drivers/STM32L5xx_HAL_Driver/Src/stm32l5xx_hal_rcc.o
                0x080038d0                HAL_RCC_GetPCLK2Freq
 .text.RCC_SetFlashLatencyFromMSIRange
                0x080038f8       0xc8 ./Drivers/STM32L5xx_HAL_Driver/Src/stm32l5xx_hal_rcc.o
 .text.RCC_GetSysClockFreqFromPLLSource
                0x080039c0       0xd8 ./Drivers/STM32L5xx_HAL_Driver/Src/stm32l5xx_hal_rcc.o
 .text.HAL_RCCEx_PeriphCLKConfig
                0x08003a98      0x708 ./Drivers/STM32L5xx_HAL_Driver/Src/stm32l5xx_hal_rcc_ex.o
                0x08003a98                HAL_RCCEx_PeriphCLKConfig
 .text.HAL_RCCEx_EnableMSIPLLMode
                0x080041a0       0x20 ./Drivers/STM32L5xx_HAL_Driver/Src/stm32l5xx_hal_rcc_ex.o
                0x080041a0                HAL_RCCEx_EnableMSIPLLMode
 .text.RCCEx_PLLSAI1_Config
                0x080041c0      0x1cc ./Drivers/STM32L5xx_HAL_Driver/Src/stm32l5xx_hal_rcc_ex.o
 .text.RCCEx_PLLSAI2_Config
                0x0800438c      0x158 ./Drivers/STM32L5xx_HAL_Driver/Src/stm32l5xx_hal_rcc_ex.o
 .text.HAL_SD_IRQHandler
                0x080044e4      0x36c ./Drivers/STM32L5xx_HAL_Driver/Src/stm32l5xx_hal_sd.o
                0x080044e4                HAL_SD_IRQHandler
 .text.HAL_SD_TxCpltCallback
                0x08004850       0x14 ./Drivers/STM32L5xx_HAL_Driver/Src/stm32l5xx_hal_sd.o
                0x08004850                HAL_SD_TxCpltCallback
 .text.HAL_SD_RxCpltCallback
                0x08004864       0x14 ./Drivers/STM32L5xx_HAL_Driver/Src/stm32l5xx_hal_sd.o
                0x08004864                HAL_SD_RxCpltCallback
 .text.HAL_SD_ErrorCallback
                0x08004878       0x14 ./Drivers/STM32L5xx_HAL_Driver/Src/stm32l5xx_hal_sd.o
                0x08004878                HAL_SD_ErrorCallback
 .text.SD_Read_IT
                0x0800488c       0x8c ./Drivers/STM32L5xx_HAL_Driver/Src/stm32l5xx_hal_sd.o
 .text.SD_Write_IT
                0x08004918       0x94 ./Drivers/STM32L5xx_HAL_Driver/Src/stm32l5xx_hal_sd.o
 .text.HAL_SDEx_Read_DMADoubleBuf0CpltCallback
                0x080049ac       0x14 ./Drivers/STM32L5xx_HAL_Driver/Src/stm32l5xx_hal_sd.o
                0x080049ac                HAL_SDEx_Read_DMADoubleBuf0CpltCallback
 .text.HAL_SDEx_Read_DMADoubleBuf1CpltCallback
                0x080049c0       0x14 ./Drivers/STM32L5xx_HAL_Driver/Src/stm32l5xx_hal_sd.o
                0x080049c0                HAL_SDEx_Read_DMADoubleBuf1CpltCallback
 .text.HAL_SDEx_Write_DMADoubleBuf0CpltCallback
                0x080049d4       0x14 ./Drivers/STM32L5xx_HAL_Driver/Src/stm32l5xx_hal_sd.o
                0x080049d4                HAL_SDEx_Write_DMADoubleBuf0CpltCallback
 .text.HAL_SDEx_Write_DMADoubleBuf1CpltCallback
                0x080049e8       0x14 ./Drivers/STM32L5xx_HAL_Driver/Src/stm32l5xx_hal_sd.o
                0x080049e8                HAL_SDEx_Write_DMADoubleBuf1CpltCallback
 .text.HAL_SPI_Init
                0x080049fc      0x146 ./Drivers/STM32L5xx_HAL_Driver/Src/stm32l5xx_hal_spi.o
                0x080049fc                HAL_SPI_Init
 .text.HAL_TIM_PWM_Init
                0x08004b42       0xae ./Drivers/STM32L5xx_HAL_Driver/Src/stm32l5xx_hal_tim.o
                0x08004b42                HAL_TIM_PWM_Init
 .text.HAL_TIM_PWM_Start
                0x08004bf0      0x20c ./Drivers/STM32L5xx_HAL_Driver/Src/stm32l5xx_hal_tim.o
                0x08004bf0                HAL_TIM_PWM_Start
 .text.HAL_TIM_PWM_ConfigChannel
                0x08004dfc      0x228 ./Drivers/STM32L5xx_HAL_Driver/Src/stm32l5xx_hal_tim.o
                0x08004dfc                HAL_TIM_PWM_ConfigChannel
 .text.TIM_Base_SetConfig
                0x08005024      0x14c ./Drivers/STM32L5xx_HAL_Driver/Src/stm32l5xx_hal_tim.o
                0x08005024                TIM_Base_SetConfig
 .text.TIM_OC1_SetConfig
                0x08005170      0x120 ./Drivers/STM32L5xx_HAL_Driver/Src/stm32l5xx_hal_tim.o
 .text.TIM_OC2_SetConfig
                0x08005290      0x114 ./Drivers/STM32L5xx_HAL_Driver/Src/stm32l5xx_hal_tim.o
                0x08005290                TIM_OC2_SetConfig
 .text.TIM_OC3_SetConfig
                0x080053a4      0x110 ./Drivers/STM32L5xx_HAL_Driver/Src/stm32l5xx_hal_tim.o
 .text.TIM_OC4_SetConfig
                0x080054b4       0xd4 ./Drivers/STM32L5xx_HAL_Driver/Src/stm32l5xx_hal_tim.o
 .text.TIM_OC5_SetConfig
                0x08005588       0xc8 ./Drivers/STM32L5xx_HAL_Driver/Src/stm32l5xx_hal_tim.o
 .text.TIM_OC6_SetConfig
                0x08005650       0xcc ./Drivers/STM32L5xx_HAL_Driver/Src/stm32l5xx_hal_tim.o
 .text.TIM_CCxChannelCmd
                0x0800571c       0x4a ./Drivers/STM32L5xx_HAL_Driver/Src/stm32l5xx_hal_tim.o
                0x0800571c                TIM_CCxChannelCmd
 *fill*         0x08005766        0x2 
 .text.HAL_TIMEx_MasterConfigSynchronization
                0x08005768      0x110 ./Drivers/STM32L5xx_HAL_Driver/Src/stm32l5xx_hal_tim_ex.o
                0x08005768                HAL_TIMEx_MasterConfigSynchronization
 .text.HAL_TIMEx_ConfigBreakDeadTime
                0x08005878      0x118 ./Drivers/STM32L5xx_HAL_Driver/Src/stm32l5xx_hal_tim_ex.o
                0x08005878                HAL_TIMEx_ConfigBreakDeadTime
 .text.HAL_UART_Init
                0x08005990       0xa0 ./Drivers/STM32L5xx_HAL_Driver/Src/stm32l5xx_hal_uart.o
                0x08005990                HAL_UART_Init
 .text.UART_SetConfig
                0x08005a30      0x600 ./Drivers/STM32L5xx_HAL_Driver/Src/stm32l5xx_hal_uart.o
                0x08005a30                UART_SetConfig
 .text.UART_AdvFeatureConfig
                0x08006030      0x144 ./Drivers/STM32L5xx_HAL_Driver/Src/stm32l5xx_hal_uart.o
                0x08006030                UART_AdvFeatureConfig
 .text.UART_CheckIdleState
                0x08006174      0x154 ./Drivers/STM32L5xx_HAL_Driver/Src/stm32l5xx_hal_uart.o
                0x08006174                UART_CheckIdleState
 .text.UART_WaitOnFlagUntilTimeout
                0x080062c8       0xda ./Drivers/STM32L5xx_HAL_Driver/Src/stm32l5xx_hal_uart.o
                0x080062c8                UART_WaitOnFlagUntilTimeout
 .text.UART_EndRxTransfer
                0x080063a2       0xcc ./Drivers/STM32L5xx_HAL_Driver/Src/stm32l5xx_hal_uart.o
 .text.HAL_UARTEx_DisableFifoMode
                0x0800646e       0x72 ./Drivers/STM32L5xx_HAL_Driver/Src/stm32l5xx_hal_uart_ex.o
                0x0800646e                HAL_UARTEx_DisableFifoMode
 .text.HAL_UARTEx_SetTxFifoThreshold
                0x080064e0       0x7c ./Drivers/STM32L5xx_HAL_Driver/Src/stm32l5xx_hal_uart_ex.o
                0x080064e0                HAL_UARTEx_SetTxFifoThreshold
 .text.HAL_UARTEx_SetRxFifoThreshold
                0x0800655c       0x7c ./Drivers/STM32L5xx_HAL_Driver/Src/stm32l5xx_hal_uart_ex.o
                0x0800655c                HAL_UARTEx_SetRxFifoThreshold
 .text.UARTEx_SetNbDataToProcess
                0x080065d8       0x9c ./Drivers/STM32L5xx_HAL_Driver/Src/stm32l5xx_hal_uart_ex.o
 .text.SDMMC_ReadFIFO
                0x08006674       0x1a ./Drivers/STM32L5xx_HAL_Driver/Src/stm32l5xx_ll_sdmmc.o
                0x08006674                SDMMC_ReadFIFO
 .text.SDMMC_WriteFIFO
                0x0800668e       0x22 ./Drivers/STM32L5xx_HAL_Driver/Src/stm32l5xx_ll_sdmmc.o
                0x0800668e                SDMMC_WriteFIFO
 .text.SDMMC_SendCommand
                0x080066b0       0x54 ./Drivers/STM32L5xx_HAL_Driver/Src/stm32l5xx_ll_sdmmc.o
                0x080066b0                SDMMC_SendCommand
 .text.SDMMC_GetCommandResponse
                0x08006704       0x1a ./Drivers/STM32L5xx_HAL_Driver/Src/stm32l5xx_ll_sdmmc.o
                0x08006704                SDMMC_GetCommandResponse
 .text.SDMMC_GetResponse
                0x0800671e       0x26 ./Drivers/STM32L5xx_HAL_Driver/Src/stm32l5xx_ll_sdmmc.o
                0x0800671e                SDMMC_GetResponse
 .text.SDMMC_CmdStopTransfer
                0x08006744       0x78 ./Drivers/STM32L5xx_HAL_Driver/Src/stm32l5xx_ll_sdmmc.o
                0x08006744                SDMMC_CmdStopTransfer
 .text.SDMMC_GetCmdResp1
                0x080067bc      0x1e4 ./Drivers/STM32L5xx_HAL_Driver/Src/stm32l5xx_ll_sdmmc.o
                0x080067bc                SDMMC_GetCmdResp1
 .text.MX_FATFS_Init
                0x080069a0       0x30 ./FATFS/App/app_fatfs.o
                0x080069a0                MX_FATFS_Init
 .text.SD_initialize
                0x080069d0       0x28 ./FATFS/Target/sd_diskio.o
                0x080069d0                SD_initialize
 .text.SD_status
                0x080069f8       0x28 ./FATFS/Target/sd_diskio.o
                0x080069f8                SD_status
 .text.SD_read  0x08006a20       0x22 ./FATFS/Target/sd_diskio.o
                0x08006a20                SD_read
 .text.SD_write
                0x08006a42       0x22 ./FATFS/Target/sd_diskio.o
                0x08006a42                SD_write
 .text.SD_ioctl
                0x08006a64       0x22 ./FATFS/Target/sd_diskio.o
                0x08006a64                SD_ioctl
 *fill*         0x08006a86        0x2 
 .text.FATFS_LinkDriverEx
                0x08006a88       0x98 ./Middlewares/Third_Party/FatFs/src/ff_gen_drv.o
                0x08006a88                FATFS_LinkDriverEx
 .text.FATFS_LinkDriver
                0x08006b20       0x1e ./Middlewares/Third_Party/FatFs/src/ff_gen_drv.o
                0x08006b20                FATFS_LinkDriver
 .text.memset   0x08006b3e       0x10 /opt/st/stm32cubeide_1.15.1/plugins/com.st.stm32cube.ide.mcu.externaltools.gnu-tools-for-stm32.12.3.rel1.linux64_1.0.100.202403111256/tools/bin/../lib/gcc/arm-none-eabi/12.3.1/../../../../arm-none-eabi/lib/thumb/v8-m.main+fp/hard/libc_nano.a(libc_a-memset.o)
                0x08006b3e                memset
 *fill*         0x08006b4e        0x2 
 .text.__libc_init_array
                0x08006b50       0x48 /opt/st/stm32cubeide_1.15.1/plugins/com.st.stm32cube.ide.mcu.externaltools.gnu-tools-for-stm32.12.3.rel1.linux64_1.0.100.202403111256/tools/bin/../lib/gcc/arm-none-eabi/12.3.1/../../../../arm-none-eabi/lib/thumb/v8-m.main+fp/hard/libc_nano.a(libc_a-init.o)
                0x08006b50                __libc_init_array
 *(.glue_7)
 .glue_7        0x08006b98        0x0 linker stubs
 *(.glue_7t)
 .glue_7t       0x08006b98        0x0 linker stubs
 *(.eh_frame)
 .eh_frame      0x08006b98        0x0 /opt/st/stm32cubeide_1.15.1/plugins/com.st.stm32cube.ide.mcu.externaltools.gnu-tools-for-stm32.12.3.rel1.linux64_1.0.100.202403111256/tools/bin/../lib/gcc/arm-none-eabi/12.3.1/thumb/v8-m.main+fp/hard/crtbegin.o
 *(.init)
 .init          0x08006b98        0x4 /opt/st/stm32cubeide_1.15.1/plugins/com.st.stm32cube.ide.mcu.externaltools.gnu-tools-for-stm32.12.3.rel1.linux64_1.0.100.202403111256/tools/bin/../lib/gcc/arm-none-eabi/12.3.1/thumb/v8-m.main+fp/hard/crti.o
                0x08006b98                _init
 .init          0x08006b9c        0x8 /opt/st/stm32cubeide_1.15.1/plugins/com.st.stm32cube.ide.mcu.externaltools.gnu-tools-for-stm32.12.3.rel1.linux64_1.0.100.202403111256/tools/bin/../lib/gcc/arm-none-eabi/12.3.1/thumb/v8-m.main+fp/hard/crtn.o
 *(.fini)
 .fini          0x08006ba4        0x4 /opt/st/stm32cubeide_1.15.1/plugins/com.st.stm32cube.ide.mcu.externaltools.gnu-tools-for-stm32.12.3.rel1.linux64_1.0.100.202403111256/tools/bin/../lib/gcc/arm-none-eabi/12.3.1/thumb/v8-m.main+fp/hard/crti.o
                0x08006ba4                _fini
 .fini          0x08006ba8        0x8 /opt/st/stm32cubeide_1.15.1/plugins/com.st.stm32cube.ide.mcu.externaltools.gnu-tools-for-stm32.12.3.rel1.linux64_1.0.100.202403111256/tools/bin/../lib/gcc/arm-none-eabi/12.3.1/thumb/v8-m.main+fp/hard/crtn.o
                0x08006bb0                        . = ALIGN (0x4)
                0x08006bb0                        _etext = .

.vfp11_veneer   0x08006bb0        0x0
 .vfp11_veneer  0x08006bb0        0x0 linker stubs

.v4_bx          0x08006bb0        0x0
 .v4_bx         0x08006bb0        0x0 linker stubs

.iplt           0x08006bb0        0x0
 .iplt          0x08006bb0        0x0 /opt/st/stm32cubeide_1.15.1/plugins/com.st.stm32cube.ide.mcu.externaltools.gnu-tools-for-stm32.12.3.rel1.linux64_1.0.100.202403111256/tools/bin/../lib/gcc/arm-none-eabi/12.3.1/thumb/v8-m.main+fp/hard/crtbegin.o

.rodata         0x08006bb0       0x94
                0x08006bb0                        . = ALIGN (0x4)
 *(.rodata)
 *(.rodata*)
 .rodata.AHBPrescTable
                0x08006bb0       0x10 ./Core/Src/system_stm32l5xx.o
                0x08006bb0                AHBPrescTable
 .rodata.APBPrescTable
                0x08006bc0        0x8 ./Core/Src/system_stm32l5xx.o
                0x08006bc0                APBPrescTable
 .rodata.MSIRangeTable
                0x08006bc8       0x40 ./Core/Src/system_stm32l5xx.o
                0x08006bc8                MSIRangeTable
 .rodata.UARTPrescTable
                0x08006c08       0x18 ./Drivers/STM32L5xx_HAL_Driver/Src/stm32l5xx_hal_uart.o
                0x08006c08                UARTPrescTable
 .rodata.numerator.1
                0x08006c20        0x8 ./Drivers/STM32L5xx_HAL_Driver/Src/stm32l5xx_hal_uart_ex.o
 .rodata.denominator.0
                0x08006c28        0x8 ./Drivers/STM32L5xx_HAL_Driver/Src/stm32l5xx_hal_uart_ex.o
 .rodata.SD_Driver
                0x08006c30       0x14 ./FATFS/Target/sd_diskio.o
                0x08006c30                SD_Driver
                0x08006c44                        . = ALIGN (0x4)

.ARM.extab      0x08006c44        0x0
                0x08006c44                        . = ALIGN (0x4)
 *(.ARM.extab* .gnu.linkonce.armextab.*)
                0x08006c44                        . = ALIGN (0x4)

.ARM            0x08006c44        0x8
                0x08006c44                        . = ALIGN (0x4)
                0x08006c44                        __exidx_start = .
 *(.ARM.exidx*)
 .ARM.exidx     0x08006c44        0x8 /opt/st/stm32cubeide_1.15.1/plugins/com.st.stm32cube.ide.mcu.externaltools.gnu-tools-for-stm32.12.3.rel1.linux64_1.0.100.202403111256/tools/bin/../lib/gcc/arm-none-eabi/12.3.1/thumb/v8-m.main+fp/hard/libgcc.a(_udivmoddi4.o)
                0x08006c4c                        __exidx_end = .
                0x08006c4c                        . = ALIGN (0x4)

.rel.dyn        0x08006c4c        0x0
 .rel.iplt      0x08006c4c        0x0 /opt/st/stm32cubeide_1.15.1/plugins/com.st.stm32cube.ide.mcu.externaltools.gnu-tools-for-stm32.12.3.rel1.linux64_1.0.100.202403111256/tools/bin/../lib/gcc/arm-none-eabi/12.3.1/thumb/v8-m.main+fp/hard/crtbegin.o

.preinit_array  0x08006c4c        0x0
                0x08006c4c                        . = ALIGN (0x4)
                0x08006c4c                        PROVIDE (__preinit_array_start = .)
 *(.preinit_array*)
                0x08006c4c                        PROVIDE (__preinit_array_end = .)
                0x08006c4c                        . = ALIGN (0x4)

.init_array     0x08006c4c        0x4
                0x08006c4c                        . = ALIGN (0x4)
                0x08006c4c                        PROVIDE (__init_array_start = .)
 *(SORT_BY_NAME(.init_array.*))
 *(.init_array*)
 .init_array    0x08006c4c        0x4 /opt/st/stm32cubeide_1.15.1/plugins/com.st.stm32cube.ide.mcu.externaltools.gnu-tools-for-stm32.12.3.rel1.linux64_1.0.100.202403111256/tools/bin/../lib/gcc/arm-none-eabi/12.3.1/thumb/v8-m.main+fp/hard/crtbegin.o
                0x08006c50                        PROVIDE (__init_array_end = .)
                0x08006c50                        . = ALIGN (0x4)

.fini_array     0x08006c50        0x4
                0x08006c50                        . = ALIGN (0x4)
                [!provide]                        PROVIDE (__fini_array_start = .)
 *(SORT_BY_NAME(.fini_array.*))
 *(.fini_array*)
 .fini_array    0x08006c50        0x4 /opt/st/stm32cubeide_1.15.1/plugins/com.st.stm32cube.ide.mcu.externaltools.gnu-tools-for-stm32.12.3.rel1.linux64_1.0.100.202403111256/tools/bin/../lib/gcc/arm-none-eabi/12.3.1/thumb/v8-m.main+fp/hard/crtbegin.o
                [!provide]                        PROVIDE (__fini_array_end = .)
                0x08006c54                        . = ALIGN (0x4)
                0x08006c54                        _sidata = LOADADDR (.data)

.data           0x20000000        0xc load address 0x08006c54
                0x20000000                        . = ALIGN (0x4)
                0x20000000                        _sdata = .
 *(.data)
 *(.data*)
 .data.SystemCoreClock
                0x20000000        0x4 ./Core/Src/system_stm32l5xx.o
                0x20000000                SystemCoreClock
 .data.uwTickPrio
                0x20000004        0x4 ./Drivers/STM32L5xx_HAL_Driver/Src/stm32l5xx_hal.o
                0x20000004                uwTickPrio
 .data.uwTickFreq
                0x20000008        0x1 ./Drivers/STM32L5xx_HAL_Driver/Src/stm32l5xx_hal.o
                0x20000008                uwTickFreq
 .data.Stat     0x20000009        0x1 ./FATFS/Target/sd_diskio.o
 *(.RamFunc)
 *(.RamFunc*)
                0x2000000c                        . = ALIGN (0x4)
 *fill*         0x2000000a        0x2 
                0x2000000c                        _edata = .

.igot.plt       0x2000000c        0x0 load address 0x08006c60
 .igot.plt      0x2000000c        0x0 /opt/st/stm32cubeide_1.15.1/plugins/com.st.stm32cube.ide.mcu.externaltools.gnu-tools-for-stm32.12.3.rel1.linux64_1.0.100.202403111256/tools/bin/../lib/gcc/arm-none-eabi/12.3.1/thumb/v8-m.main+fp/hard/crtbegin.o
                0x2000000c                        . = ALIGN (0x4)

.bss            0x2000000c      0x658 load address 0x08006c60
                0x2000000c                        _sbss = .
                0x2000000c                        __bss_start__ = _sbss
 *(.bss)
 .bss           0x2000000c       0x1c /opt/st/stm32cubeide_1.15.1/plugins/com.st.stm32cube.ide.mcu.externaltools.gnu-tools-for-stm32.12.3.rel1.linux64_1.0.100.202403111256/tools/bin/../lib/gcc/arm-none-eabi/12.3.1/thumb/v8-m.main+fp/hard/crtbegin.o
 *(.bss*)
 .bss.hi2c1     0x20000028       0x54 ./Core/Src/i2c.o
                0x20000028                hi2c1
 .bss.hi2c2     0x2000007c       0x54 ./Core/Src/i2c.o
                0x2000007c                hi2c2
 .bss.hi2c3     0x200000d0       0x54 ./Core/Src/i2c.o
                0x200000d0                hi2c3
 .bss.htim3     0x20000124       0x4c ./Core/Src/main.o
                0x20000124                htim3
 .bss.hsd1      0x20000170       0x7c ./Core/Src/sdmmc.o
                0x20000170                hsd1
 .bss.hspi1     0x200001ec       0x64 ./Core/Src/spi.o
                0x200001ec                hspi1
 .bss.hspi2     0x20000250       0x64 ./Core/Src/spi.o
                0x20000250                hspi2
 .bss.htim1     0x200002b4       0x4c ./Core/Src/tim.o
                0x200002b4                htim1
 .bss.hdma_tim1_ch1
                0x20000300       0x68 ./Core/Src/tim.o
                0x20000300                hdma_tim1_ch1
 .bss.hlpuart1  0x20000368       0x94 ./Core/Src/usart.o
                0x20000368                hlpuart1
 .bss.huart4    0x200003fc       0x94 ./Core/Src/usart.o
                0x200003fc                huart4
 .bss.huart1    0x20000490       0x94 ./Core/Src/usart.o
                0x20000490                huart1
 .bss.huart2    0x20000524       0x94 ./Core/Src/usart.o
                0x20000524                huart2
 .bss.huart3    0x200005b8       0x94 ./Core/Src/usart.o
                0x200005b8                huart3
 .bss.uwTick    0x2000064c        0x4 ./Drivers/STM32L5xx_HAL_Driver/Src/stm32l5xx_hal.o
                0x2000064c                uwTick
 .bss.SDPath    0x20000650        0x4 ./FATFS/App/app_fatfs.o
                0x20000650                SDPath
 .bss.Appli_state
                0x20000654        0x1 ./FATFS/App/app_fatfs.o
                0x20000654                Appli_state
 *fill*         0x20000655        0x3 
 .bss.disk      0x20000658        0xc ./Middlewares/Third_Party/FatFs/src/ff_gen_drv.o
                0x20000658                disk
 *(COMMON)
                0x20000664                        . = ALIGN (0x4)
                0x20000664                        _ebss = .
                0x20000664                        __bss_end__ = _ebss

._user_heap_stack
                0x20000664      0xc04 load address 0x08006c60
                0x20000668                        . = ALIGN (0x8)
 *fill*         0x20000664        0x4 
                [!provide]                        PROVIDE (end = .)
                0x20000668                        PROVIDE (_end = .)
                0x20000a68                        . = (. + _Min_Heap_Size)
 *fill*         0x20000668      0x400 
                0x20001268                        . = (. + _Min_Stack_Size)
 *fill*         0x20000a68      0x800 
                0x20001268                        . = ALIGN (0x8)

/DISCARD/
 libc.a(*)
 libm.a(*)
 libgcc.a(*)

.ARM.attributes
                0x00000000       0x36
 *(.ARM.attributes)
 .ARM.attributes
                0x00000000       0x26 /opt/st/stm32cubeide_1.15.1/plugins/com.st.stm32cube.ide.mcu.externaltools.gnu-tools-for-stm32.12.3.rel1.linux64_1.0.100.202403111256/tools/bin/../lib/gcc/arm-none-eabi/12.3.1/thumb/v8-m.main+fp/hard/crti.o
 .ARM.attributes
                0x00000026       0x38 /opt/st/stm32cubeide_1.15.1/plugins/com.st.stm32cube.ide.mcu.externaltools.gnu-tools-for-stm32.12.3.rel1.linux64_1.0.100.202403111256/tools/bin/../lib/gcc/arm-none-eabi/12.3.1/thumb/v8-m.main+fp/hard/crtbegin.o
 .ARM.attributes
                0x0000005e       0x3a ./Core/Src/dma.o
 .ARM.attributes
                0x00000098       0x3a ./Core/Src/gpio.o
 .ARM.attributes
                0x000000d2       0x3a ./Core/Src/i2c.o
 .ARM.attributes
                0x0000010c       0x3a ./Core/Src/main.o
 .ARM.attributes
                0x00000146       0x3a ./Core/Src/sdmmc.o
 .ARM.attributes
                0x00000180       0x3a ./Core/Src/spi.o
 .ARM.attributes
                0x000001ba       0x3a ./Core/Src/stm32l5xx_hal_msp.o
 .ARM.attributes
                0x000001f4       0x3a ./Core/Src/stm32l5xx_it.o
 .ARM.attributes
                0x0000022e       0x3a ./Core/Src/system_stm32l5xx.o
 .ARM.attributes
                0x00000268       0x3a ./Core/Src/tim.o
 .ARM.attributes
                0x000002a2       0x3a ./Core/Src/usart.o
 .ARM.attributes
                0x000002dc       0x24 ./Core/Startup/startup_stm32l562zetxq.o
 .ARM.attributes
                0x00000300       0x3a ./Drivers/STM32L5xx_HAL_Driver/Src/stm32l5xx_hal.o
 .ARM.attributes
                0x0000033a       0x3a ./Drivers/STM32L5xx_HAL_Driver/Src/stm32l5xx_hal_cortex.o
 .ARM.attributes
                0x00000374       0x3a ./Drivers/STM32L5xx_HAL_Driver/Src/stm32l5xx_hal_dma.o
 .ARM.attributes
                0x000003ae       0x3a ./Drivers/STM32L5xx_HAL_Driver/Src/stm32l5xx_hal_exti.o
 .ARM.attributes
                0x000003e8       0x3a ./Drivers/STM32L5xx_HAL_Driver/Src/stm32l5xx_hal_gpio.o
 .ARM.attributes
                0x00000422       0x3a ./Drivers/STM32L5xx_HAL_Driver/Src/stm32l5xx_hal_i2c.o
 .ARM.attributes
                0x0000045c       0x3a ./Drivers/STM32L5xx_HAL_Driver/Src/stm32l5xx_hal_i2c_ex.o
 .ARM.attributes
                0x00000496       0x3a ./Drivers/STM32L5xx_HAL_Driver/Src/stm32l5xx_hal_pwr_ex.o
 .ARM.attributes
                0x000004d0       0x3a ./Drivers/STM32L5xx_HAL_Driver/Src/stm32l5xx_hal_rcc.o
 .ARM.attributes
                0x0000050a       0x3a ./Drivers/STM32L5xx_HAL_Driver/Src/stm32l5xx_hal_rcc_ex.o
 .ARM.attributes
                0x00000544       0x3a ./Drivers/STM32L5xx_HAL_Driver/Src/stm32l5xx_hal_sd.o
 .ARM.attributes
                0x0000057e       0x3a ./Drivers/STM32L5xx_HAL_Driver/Src/stm32l5xx_hal_spi.o
 .ARM.attributes
                0x000005b8       0x3a ./Drivers/STM32L5xx_HAL_Driver/Src/stm32l5xx_hal_tim.o
 .ARM.attributes
                0x000005f2       0x3a ./Drivers/STM32L5xx_HAL_Driver/Src/stm32l5xx_hal_tim_ex.o
 .ARM.attributes
                0x0000062c       0x3a ./Drivers/STM32L5xx_HAL_Driver/Src/stm32l5xx_hal_uart.o
 .ARM.attributes
                0x00000666       0x3a ./Drivers/STM32L5xx_HAL_Driver/Src/stm32l5xx_hal_uart_ex.o
 .ARM.attributes
                0x000006a0       0x3a ./Drivers/STM32L5xx_HAL_Driver/Src/stm32l5xx_ll_sdmmc.o
 .ARM.attributes
                0x000006da       0x3a ./FATFS/App/app_fatfs.o
 .ARM.attributes
                0x00000714       0x3a ./FATFS/Target/sd_diskio.o
 .ARM.attributes
                0x0000074e       0x3a ./Middlewares/Third_Party/FatFs/src/ff_gen_drv.o
 .ARM.attributes
                0x00000788       0x38 /opt/st/stm32cubeide_1.15.1/plugins/com.st.stm32cube.ide.mcu.externaltools.gnu-tools-for-stm32.12.3.rel1.linux64_1.0.100.202403111256/tools/bin/../lib/gcc/arm-none-eabi/12.3.1/../../../../arm-none-eabi/lib/thumb/v8-m.main+fp/hard/libc_nano.a(libc_a-memset.o)
 .ARM.attributes
                0x000007c0       0x38 /opt/st/stm32cubeide_1.15.1/plugins/com.st.stm32cube.ide.mcu.externaltools.gnu-tools-for-stm32.12.3.rel1.linux64_1.0.100.202403111256/tools/bin/../lib/gcc/arm-none-eabi/12.3.1/../../../../arm-none-eabi/lib/thumb/v8-m.main+fp/hard/libc_nano.a(libc_a-init.o)
 .ARM.attributes
                0x000007f8       0x26 /opt/st/stm32cubeide_1.15.1/plugins/com.st.stm32cube.ide.mcu.externaltools.gnu-tools-for-stm32.12.3.rel1.linux64_1.0.100.202403111256/tools/bin/../lib/gcc/arm-none-eabi/12.3.1/thumb/v8-m.main+fp/hard/libgcc.a(_aeabi_uldivmod.o)
 .ARM.attributes
                0x0000081e       0x38 /opt/st/stm32cubeide_1.15.1/plugins/com.st.stm32cube.ide.mcu.externaltools.gnu-tools-for-stm32.12.3.rel1.linux64_1.0.100.202403111256/tools/bin/../lib/gcc/arm-none-eabi/12.3.1/thumb/v8-m.main+fp/hard/libgcc.a(_udivmoddi4.o)
 .ARM.attributes
                0x00000856       0x26 /opt/st/stm32cubeide_1.15.1/plugins/com.st.stm32cube.ide.mcu.externaltools.gnu-tools-for-stm32.12.3.rel1.linux64_1.0.100.202403111256/tools/bin/../lib/gcc/arm-none-eabi/12.3.1/thumb/v8-m.main+fp/hard/libgcc.a(_dvmd_tls.o)
 .ARM.attributes
                0x0000087c       0x26 /opt/st/stm32cubeide_1.15.1/plugins/com.st.stm32cube.ide.mcu.externaltools.gnu-tools-for-stm32.12.3.rel1.linux64_1.0.100.202403111256/tools/bin/../lib/gcc/arm-none-eabi/12.3.1/thumb/v8-m.main+fp/hard/crtn.o
OUTPUT(ZP3-Validation-Image-Target.elf elf32-littlearm)
LOAD linker stubs
LOAD /opt/st/stm32cubeide_1.15.1/plugins/com.st.stm32cube.ide.mcu.externaltools.gnu-tools-for-stm32.12.3.rel1.linux64_1.0.100.202403111256/tools/bin/../lib/gcc/arm-none-eabi/12.3.1/../../../../arm-none-eabi/lib/thumb/v8-m.main+fp/hard/libc.a
LOAD /opt/st/stm32cubeide_1.15.1/plugins/com.st.stm32cube.ide.mcu.externaltools.gnu-tools-for-stm32.12.3.rel1.linux64_1.0.100.202403111256/tools/bin/../lib/gcc/arm-none-eabi/12.3.1/../../../../arm-none-eabi/lib/thumb/v8-m.main+fp/hard/libm.a
LOAD /opt/st/stm32cubeide_1.15.1/plugins/com.st.stm32cube.ide.mcu.externaltools.gnu-tools-for-stm32.12.3.rel1.linux64_1.0.100.202403111256/tools/bin/../lib/gcc/arm-none-eabi/12.3.1/thumb/v8-m.main+fp/hard/libgcc.a

.debug_info     0x00000000    0x21018
 .debug_info    0x00000000      0x682 ./Core/Src/dma.o
 .debug_info    0x00000682      0x5d1 ./Core/Src/gpio.o
 .debug_info    0x00000c53      0xf70 ./Core/Src/i2c.o
 .debug_info    0x00001bc3     0x24fe ./Core/Src/main.o
 .debug_info    0x000040c1      0xf06 ./Core/Src/sdmmc.o
 .debug_info    0x00004fc7      0xc32 ./Core/Src/spi.o
 .debug_info    0x00005bf9      0x382 ./Core/Src/stm32l5xx_hal_msp.o
 .debug_info    0x00005f7b      0x8b8 ./Core/Src/stm32l5xx_it.o
 .debug_info    0x00006833      0x7e2 ./Core/Src/system_stm32l5xx.o
 .debug_info    0x00007015      0xfca ./Core/Src/tim.o
 .debug_info    0x00007fdf     0x1182 ./Core/Src/usart.o
 .debug_info    0x00009161       0x30 ./Core/Startup/startup_stm32l562zetxq.o
 .debug_info    0x00009191      0xd05 ./Drivers/STM32L5xx_HAL_Driver/Src/stm32l5xx_hal.o
 .debug_info    0x00009e96     0x1118 ./Drivers/STM32L5xx_HAL_Driver/Src/stm32l5xx_hal_cortex.o
 .debug_info    0x0000afae      0x920 ./Drivers/STM32L5xx_HAL_Driver/Src/stm32l5xx_hal_dma.o
 .debug_info    0x0000b8ce      0x7a1 ./Drivers/STM32L5xx_HAL_Driver/Src/stm32l5xx_hal_exti.o
 .debug_info    0x0000c06f      0x5d4 ./Drivers/STM32L5xx_HAL_Driver/Src/stm32l5xx_hal_gpio.o
 .debug_info    0x0000c643     0x220a ./Drivers/STM32L5xx_HAL_Driver/Src/stm32l5xx_hal_i2c.o
 .debug_info    0x0000e84d      0xbd4 ./Drivers/STM32L5xx_HAL_Driver/Src/stm32l5xx_hal_i2c_ex.o
 .debug_info    0x0000f421      0xd73 ./Drivers/STM32L5xx_HAL_Driver/Src/stm32l5xx_hal_pwr_ex.o
 .debug_info    0x00010194      0xf75 ./Drivers/STM32L5xx_HAL_Driver/Src/stm32l5xx_hal_rcc.o
 .debug_info    0x00011109     0x1134 ./Drivers/STM32L5xx_HAL_Driver/Src/stm32l5xx_hal_rcc_ex.o
 .debug_info    0x0001223d     0x1a78 ./Drivers/STM32L5xx_HAL_Driver/Src/stm32l5xx_hal_sd.o
 .debug_info    0x00013cb5     0x174e ./Drivers/STM32L5xx_HAL_Driver/Src/stm32l5xx_hal_spi.o
 .debug_info    0x00015403     0x2bdb ./Drivers/STM32L5xx_HAL_Driver/Src/stm32l5xx_hal_tim.o
 .debug_info    0x00017fde     0x18b5 ./Drivers/STM32L5xx_HAL_Driver/Src/stm32l5xx_hal_tim_ex.o
 .debug_info    0x00019893     0x48fb ./Drivers/STM32L5xx_HAL_Driver/Src/stm32l5xx_hal_uart.o
 .debug_info    0x0001e18e      0xffd ./Drivers/STM32L5xx_HAL_Driver/Src/stm32l5xx_hal_uart_ex.o
 .debug_info    0x0001f18b     0x1235 ./Drivers/STM32L5xx_HAL_Driver/Src/stm32l5xx_ll_sdmmc.o
 .debug_info    0x000203c0      0x55d ./FATFS/App/app_fatfs.o
 .debug_info    0x0002091d      0x364 ./FATFS/Target/sd_diskio.o
 .debug_info    0x00020c81      0x397 ./Middlewares/Third_Party/FatFs/src/ff_gen_drv.o

.debug_abbrev   0x00000000     0x43ef
 .debug_abbrev  0x00000000      0x12c ./Core/Src/dma.o
 .debug_abbrev  0x0000012c      0x182 ./Core/Src/gpio.o
 .debug_abbrev  0x000002ae      0x287 ./Core/Src/i2c.o
 .debug_abbrev  0x00000535      0x383 ./Core/Src/main.o
 .debug_abbrev  0x000008b8      0x228 ./Core/Src/sdmmc.o
 .debug_abbrev  0x00000ae0      0x216 ./Core/Src/spi.o
 .debug_abbrev  0x00000cf6       0xfc ./Core/Src/stm32l5xx_hal_msp.o
 .debug_abbrev  0x00000df2      0x1ba ./Core/Src/stm32l5xx_it.o
 .debug_abbrev  0x00000fac      0x12b ./Core/Src/system_stm32l5xx.o
 .debug_abbrev  0x000010d7      0x23d ./Core/Src/tim.o
 .debug_abbrev  0x00001314      0x270 ./Core/Src/usart.o
 .debug_abbrev  0x00001584       0x24 ./Core/Startup/startup_stm32l562zetxq.o
 .debug_abbrev  0x000015a8      0x2cd ./Drivers/STM32L5xx_HAL_Driver/Src/stm32l5xx_hal.o
 .debug_abbrev  0x00001875      0x32c ./Drivers/STM32L5xx_HAL_Driver/Src/stm32l5xx_hal_cortex.o
 .debug_abbrev  0x00001ba1      0x1f4 ./Drivers/STM32L5xx_HAL_Driver/Src/stm32l5xx_hal_dma.o
 .debug_abbrev  0x00001d95      0x191 ./Drivers/STM32L5xx_HAL_Driver/Src/stm32l5xx_hal_exti.o
 .debug_abbrev  0x00001f26      0x1c2 ./Drivers/STM32L5xx_HAL_Driver/Src/stm32l5xx_hal_gpio.o
 .debug_abbrev  0x000020e8      0x25f ./Drivers/STM32L5xx_HAL_Driver/Src/stm32l5xx_hal_i2c.o
 .debug_abbrev  0x00002347      0x1e1 ./Drivers/STM32L5xx_HAL_Driver/Src/stm32l5xx_hal_i2c_ex.o
 .debug_abbrev  0x00002528      0x28c ./Drivers/STM32L5xx_HAL_Driver/Src/stm32l5xx_hal_pwr_ex.o
 .debug_abbrev  0x000027b4      0x2fd ./Drivers/STM32L5xx_HAL_Driver/Src/stm32l5xx_hal_rcc.o
 .debug_abbrev  0x00002ab1      0x2c8 ./Drivers/STM32L5xx_HAL_Driver/Src/stm32l5xx_hal_rcc_ex.o
 .debug_abbrev  0x00002d79      0x26d ./Drivers/STM32L5xx_HAL_Driver/Src/stm32l5xx_hal_sd.o
 .debug_abbrev  0x00002fe6      0x268 ./Drivers/STM32L5xx_HAL_Driver/Src/stm32l5xx_hal_spi.o
 .debug_abbrev  0x0000324e      0x277 ./Drivers/STM32L5xx_HAL_Driver/Src/stm32l5xx_hal_tim.o
 .debug_abbrev  0x000034c5      0x297 ./Drivers/STM32L5xx_HAL_Driver/Src/stm32l5xx_hal_tim_ex.o
 .debug_abbrev  0x0000375c      0x325 ./Drivers/STM32L5xx_HAL_Driver/Src/stm32l5xx_hal_uart.o
 .debug_abbrev  0x00003a81      0x2d3 ./Drivers/STM32L5xx_HAL_Driver/Src/stm32l5xx_hal_uart_ex.o
 .debug_abbrev  0x00003d54      0x208 ./Drivers/STM32L5xx_HAL_Driver/Src/stm32l5xx_ll_sdmmc.o
 .debug_abbrev  0x00003f5c      0x1a6 ./FATFS/App/app_fatfs.o
 .debug_abbrev  0x00004102      0x14e ./FATFS/Target/sd_diskio.o
 .debug_abbrev  0x00004250      0x19f ./Middlewares/Third_Party/FatFs/src/ff_gen_drv.o

.debug_aranges  0x00000000     0x1b30
 .debug_aranges
                0x00000000       0x20 ./Core/Src/dma.o
 .debug_aranges
                0x00000020       0x20 ./Core/Src/gpio.o
 .debug_aranges
                0x00000040       0x40 ./Core/Src/i2c.o
 .debug_aranges
                0x00000080       0xa0 ./Core/Src/main.o
 .debug_aranges
                0x00000120       0x30 ./Core/Src/sdmmc.o
 .debug_aranges
                0x00000150       0x38 ./Core/Src/spi.o
 .debug_aranges
                0x00000188       0x20 ./Core/Src/stm32l5xx_hal_msp.o
 .debug_aranges
                0x000001a8       0x70 ./Core/Src/stm32l5xx_it.o
 .debug_aranges
                0x00000218       0x28 ./Core/Src/system_stm32l5xx.o
 .debug_aranges
                0x00000240       0x38 ./Core/Src/tim.o
 .debug_aranges
                0x00000278       0x50 ./Core/Src/usart.o
 .debug_aranges
                0x000002c8       0x28 ./Core/Startup/startup_stm32l562zetxq.o
 .debug_aranges
                0x000002f0      0x130 ./Drivers/STM32L5xx_HAL_Driver/Src/stm32l5xx_hal.o
 .debug_aranges
                0x00000420      0x140 ./Drivers/STM32L5xx_HAL_Driver/Src/stm32l5xx_hal_cortex.o
 .debug_aranges
                0x00000560       0xa0 ./Drivers/STM32L5xx_HAL_Driver/Src/stm32l5xx_hal_dma.o
 .debug_aranges
                0x00000600       0x70 ./Drivers/STM32L5xx_HAL_Driver/Src/stm32l5xx_hal_exti.o
 .debug_aranges
                0x00000670       0x60 ./Drivers/STM32L5xx_HAL_Driver/Src/stm32l5xx_hal_gpio.o
 .debug_aranges
                0x000006d0      0x2a0 ./Drivers/STM32L5xx_HAL_Driver/Src/stm32l5xx_hal_i2c.o
 .debug_aranges
                0x00000970       0x48 ./Drivers/STM32L5xx_HAL_Driver/Src/stm32l5xx_hal_i2c_ex.o
 .debug_aranges
                0x000009b8      0x1b8 ./Drivers/STM32L5xx_HAL_Driver/Src/stm32l5xx_hal_pwr_ex.o
 .debug_aranges
                0x00000b70       0xa8 ./Drivers/STM32L5xx_HAL_Driver/Src/stm32l5xx_hal_rcc.o
 .debug_aranges
                0x00000c18      0x118 ./Drivers/STM32L5xx_HAL_Driver/Src/stm32l5xx_hal_rcc_ex.o
 .debug_aranges
                0x00000d30      0x170 ./Drivers/STM32L5xx_HAL_Driver/Src/stm32l5xx_hal_sd.o
 .debug_aranges
                0x00000ea0      0x1d8 ./Drivers/STM32L5xx_HAL_Driver/Src/stm32l5xx_hal_spi.o
 .debug_aranges
                0x00001078      0x3e0 ./Drivers/STM32L5xx_HAL_Driver/Src/stm32l5xx_hal_tim.o
 .debug_aranges
                0x00001458      0x190 ./Drivers/STM32L5xx_HAL_Driver/Src/stm32l5xx_hal_tim_ex.o
 .debug_aranges
                0x000015e8      0x248 ./Drivers/STM32L5xx_HAL_Driver/Src/stm32l5xx_hal_uart.o
 .debug_aranges
                0x00001830       0xa8 ./Drivers/STM32L5xx_HAL_Driver/Src/stm32l5xx_hal_uart_ex.o
 .debug_aranges
                0x000018d8      0x1a8 ./Drivers/STM32L5xx_HAL_Driver/Src/stm32l5xx_ll_sdmmc.o
 .debug_aranges
                0x00001a80       0x30 ./FATFS/App/app_fatfs.o
 .debug_aranges
                0x00001ab0       0x40 ./FATFS/Target/sd_diskio.o
 .debug_aranges
                0x00001af0       0x40 ./Middlewares/Third_Party/FatFs/src/ff_gen_drv.o

.debug_rnglists
                0x00000000     0x1536
 .debug_rnglists
                0x00000000       0x13 ./Core/Src/dma.o
 .debug_rnglists
                0x00000013       0x14 ./Core/Src/gpio.o
 .debug_rnglists
                0x00000027       0x30 ./Core/Src/i2c.o
 .debug_rnglists
                0x00000057       0x7c ./Core/Src/main.o
 .debug_rnglists
                0x000000d3       0x20 ./Core/Src/sdmmc.o
 .debug_rnglists
                0x000000f3       0x26 ./Core/Src/spi.o
 .debug_rnglists
                0x00000119       0x13 ./Core/Src/stm32l5xx_hal_msp.o
 .debug_rnglists
                0x0000012c       0x4f ./Core/Src/stm32l5xx_it.o
 .debug_rnglists
                0x0000017b       0x1a ./Core/Src/system_stm32l5xx.o
 .debug_rnglists
                0x00000195       0x27 ./Core/Src/tim.o
 .debug_rnglists
                0x000001bc       0x3e ./Core/Src/usart.o
 .debug_rnglists
                0x000001fa       0x19 ./Core/Startup/startup_stm32l562zetxq.o
 .debug_rnglists
                0x00000213       0xdf ./Drivers/STM32L5xx_HAL_Driver/Src/stm32l5xx_hal.o
 .debug_rnglists
                0x000002f2       0xeb ./Drivers/STM32L5xx_HAL_Driver/Src/stm32l5xx_hal_cortex.o
 .debug_rnglists
                0x000003dd       0x7d ./Drivers/STM32L5xx_HAL_Driver/Src/stm32l5xx_hal_dma.o
 .debug_rnglists
                0x0000045a       0x53 ./Drivers/STM32L5xx_HAL_Driver/Src/stm32l5xx_hal_exti.o
 .debug_rnglists
                0x000004ad       0x45 ./Drivers/STM32L5xx_HAL_Driver/Src/stm32l5xx_hal_gpio.o
 .debug_rnglists
                0x000004f2      0x228 ./Drivers/STM32L5xx_HAL_Driver/Src/stm32l5xx_hal_i2c.o
 .debug_rnglists
                0x0000071a       0x35 ./Drivers/STM32L5xx_HAL_Driver/Src/stm32l5xx_hal_i2c_ex.o
 .debug_rnglists
                0x0000074f      0x14e ./Drivers/STM32L5xx_HAL_Driver/Src/stm32l5xx_hal_pwr_ex.o
 .debug_rnglists
                0x0000089d       0x80 ./Drivers/STM32L5xx_HAL_Driver/Src/stm32l5xx_hal_rcc.o
 .debug_rnglists
                0x0000091d       0xdd ./Drivers/STM32L5xx_HAL_Driver/Src/stm32l5xx_hal_rcc_ex.o
 .debug_rnglists
                0x000009fa      0x128 ./Drivers/STM32L5xx_HAL_Driver/Src/stm32l5xx_hal_sd.o
 .debug_rnglists
                0x00000b22      0x178 ./Drivers/STM32L5xx_HAL_Driver/Src/stm32l5xx_hal_spi.o
 .debug_rnglists
                0x00000c9a      0x328 ./Drivers/STM32L5xx_HAL_Driver/Src/stm32l5xx_hal_tim.o
 .debug_rnglists
                0x00000fc2      0x147 ./Drivers/STM32L5xx_HAL_Driver/Src/stm32l5xx_hal_tim_ex.o
 .debug_rnglists
                0x00001109      0x1fa ./Drivers/STM32L5xx_HAL_Driver/Src/stm32l5xx_hal_uart.o
 .debug_rnglists
                0x00001303       0x7f ./Drivers/STM32L5xx_HAL_Driver/Src/stm32l5xx_hal_uart_ex.o
 .debug_rnglists
                0x00001382      0x13e ./Drivers/STM32L5xx_HAL_Driver/Src/stm32l5xx_ll_sdmmc.o
 .debug_rnglists
                0x000014c0       0x1f ./FATFS/App/app_fatfs.o
 .debug_rnglists
                0x000014df       0x2b ./FATFS/Target/sd_diskio.o
 .debug_rnglists
                0x0000150a       0x2c ./Middlewares/Third_Party/FatFs/src/ff_gen_drv.o

.debug_macro    0x00000000    0x2dac4
 .debug_macro   0x00000000      0x242 ./Core/Src/dma.o
 .debug_macro   0x00000242      0xaba ./Core/Src/dma.o
 .debug_macro   0x00000cfc      0x1a2 ./Core/Src/dma.o
 .debug_macro   0x00000e9e       0x2e ./Core/Src/dma.o
 .debug_macro   0x00000ecc       0x42 ./Core/Src/dma.o
 .debug_macro   0x00000f0e       0x22 ./Core/Src/dma.o
 .debug_macro   0x00000f30       0x8e ./Core/Src/dma.o
 .debug_macro   0x00000fbe       0x51 ./Core/Src/dma.o
 .debug_macro   0x0000100f      0x103 ./Core/Src/dma.o
 .debug_macro   0x00001112       0x6a ./Core/Src/dma.o
 .debug_macro   0x0000117c      0x1df ./Core/Src/dma.o
 .debug_macro   0x0000135b       0x1c ./Core/Src/dma.o
 .debug_macro   0x00001377       0x29 ./Core/Src/dma.o
 .debug_macro   0x000013a0       0xfb ./Core/Src/dma.o
 .debug_macro   0x0000149b     0x1336 ./Core/Src/dma.o
 .debug_macro   0x000027d1       0x5e ./Core/Src/dma.o
 .debug_macro   0x0000282f    0x1bca6 ./Core/Src/dma.o
 .debug_macro   0x0001e4d5       0x6c ./Core/Src/dma.o
 .debug_macro   0x0001e541     0x353c ./Core/Src/dma.o
 .debug_macro   0x00021a7d      0x189 ./Core/Src/dma.o
 .debug_macro   0x00021c06       0x5d ./Core/Src/dma.o
 .debug_macro   0x00021c63     0x19cd ./Core/Src/dma.o
 .debug_macro   0x00023630      0xa52 ./Core/Src/dma.o
 .debug_macro   0x00024082      0x1cf ./Core/Src/dma.o
 .debug_macro   0x00024251      0x1d8 ./Core/Src/dma.o
 .debug_macro   0x00024429      0x4e1 ./Core/Src/dma.o
 .debug_macro   0x0002490a      0x1ab ./Core/Src/dma.o
 .debug_macro   0x00024ab5       0x4a ./Core/Src/dma.o
 .debug_macro   0x00024aff      0x1b9 ./Core/Src/dma.o
 .debug_macro   0x00024cb8      0x230 ./Core/Src/dma.o
 .debug_macro   0x00024ee8      0x3bb ./Core/Src/dma.o
 .debug_macro   0x000252a3       0x36 ./Core/Src/dma.o
 .debug_macro   0x000252d9      0x11c ./Core/Src/dma.o
 .debug_macro   0x000253f5      0x22c ./Core/Src/dma.o
 .debug_macro   0x00025621       0x5b ./Core/Src/dma.o
 .debug_macro   0x0002567c       0xa5 ./Core/Src/dma.o
 .debug_macro   0x00025721       0xc9 ./Core/Src/dma.o
 .debug_macro   0x000257ea      0x199 ./Core/Src/dma.o
 .debug_macro   0x00025983      0x487 ./Core/Src/dma.o
 .debug_macro   0x00025e0a      0x845 ./Core/Src/dma.o
 .debug_macro   0x0002664f      0x1ce ./Core/Src/dma.o
 .debug_macro   0x0002681d      0x2fe ./Core/Src/dma.o
 .debug_macro   0x00026b1b      0xabb ./Core/Src/dma.o
 .debug_macro   0x000275d6      0x184 ./Core/Src/dma.o
 .debug_macro   0x0002775a      0x693 ./Core/Src/dma.o
 .debug_macro   0x00027ded       0xa6 ./Core/Src/dma.o
 .debug_macro   0x00027e93      0x3f1 ./Core/Src/dma.o
 .debug_macro   0x00028284      0x148 ./Core/Src/dma.o
 .debug_macro   0x000283cc      0x242 ./Core/Src/gpio.o
 .debug_macro   0x0002860e      0x242 ./Core/Src/i2c.o
 .debug_macro   0x00028850      0x416 ./Core/Src/main.o
 .debug_macro   0x00028c66       0xdd ./Core/Src/main.o
 .debug_macro   0x00028d43       0x2a ./Core/Src/main.o
 .debug_macro   0x00028d6d       0x61 ./Core/Src/main.o
 .debug_macro   0x00028dce       0x43 ./Core/Src/main.o
 .debug_macro   0x00028e11       0x34 ./Core/Src/main.o
 .debug_macro   0x00028e45       0x16 ./Core/Src/main.o
 .debug_macro   0x00028e5b       0x35 ./Core/Src/main.o
 .debug_macro   0x00028e90       0x16 ./Core/Src/main.o
 .debug_macro   0x00028ea6       0x43 ./Core/Src/main.o
 .debug_macro   0x00028ee9       0x34 ./Core/Src/main.o
 .debug_macro   0x00028f1d       0x10 ./Core/Src/main.o
 .debug_macro   0x00028f2d       0x58 ./Core/Src/main.o
 .debug_macro   0x00028f85       0x8e ./Core/Src/main.o
 .debug_macro   0x00029013       0x1c ./Core/Src/main.o
 .debug_macro   0x0002902f      0x177 ./Core/Src/main.o
 .debug_macro   0x000291a6      0x369 ./Core/Src/main.o
 .debug_macro   0x0002950f       0x16 ./Core/Src/main.o
 .debug_macro   0x00029525       0x29 ./Core/Src/main.o
 .debug_macro   0x0002954e       0x12 ./Core/Src/main.o
 .debug_macro   0x00029560       0xe2 ./Core/Src/main.o
 .debug_macro   0x00029642       0x8e ./Core/Src/main.o
 .debug_macro   0x000296d0       0x16 ./Core/Src/main.o
 .debug_macro   0x000296e6       0x16 ./Core/Src/main.o
 .debug_macro   0x000296fc       0x20 ./Core/Src/main.o
 .debug_macro   0x0002971c       0x1c ./Core/Src/main.o
 .debug_macro   0x00029738       0x10 ./Core/Src/main.o
 .debug_macro   0x00029748       0x1c ./Core/Src/main.o
 .debug_macro   0x00029764       0x16 ./Core/Src/main.o
 .debug_macro   0x0002977a      0x146 ./Core/Src/main.o
 .debug_macro   0x000298c0      0x242 ./Core/Src/sdmmc.o
 .debug_macro   0x00029b02      0x242 ./Core/Src/spi.o
 .debug_macro   0x00029d44      0x238 ./Core/Src/stm32l5xx_hal_msp.o
 .debug_macro   0x00029f7c      0x242 ./Core/Src/stm32l5xx_it.o
 .debug_macro   0x0002a1be      0x229 ./Core/Src/system_stm32l5xx.o
 .debug_macro   0x0002a3e7      0x242 ./Core/Src/tim.o
 .debug_macro   0x0002a629      0x242 ./Core/Src/usart.o
 .debug_macro   0x0002a86b      0x259 ./Drivers/STM32L5xx_HAL_Driver/Src/stm32l5xx_hal.o
 .debug_macro   0x0002aac4      0x229 ./Drivers/STM32L5xx_HAL_Driver/Src/stm32l5xx_hal_cortex.o
 .debug_macro   0x0002aced      0x229 ./Drivers/STM32L5xx_HAL_Driver/Src/stm32l5xx_hal_dma.o
 .debug_macro   0x0002af16      0x241 ./Drivers/STM32L5xx_HAL_Driver/Src/stm32l5xx_hal_exti.o
 .debug_macro   0x0002b157      0x22f ./Drivers/STM32L5xx_HAL_Driver/Src/stm32l5xx_hal_gpio.o
 .debug_macro   0x0002b386      0x2f5 ./Drivers/STM32L5xx_HAL_Driver/Src/stm32l5xx_hal_i2c.o
 .debug_macro   0x0002b67b      0x229 ./Drivers/STM32L5xx_HAL_Driver/Src/stm32l5xx_hal_i2c_ex.o
 .debug_macro   0x0002b8a4      0x259 ./Drivers/STM32L5xx_HAL_Driver/Src/stm32l5xx_hal_pwr_ex.o
 .debug_macro   0x0002bafd      0x253 ./Drivers/STM32L5xx_HAL_Driver/Src/stm32l5xx_hal_rcc.o
 .debug_macro   0x0002bd50      0x28f ./Drivers/STM32L5xx_HAL_Driver/Src/stm32l5xx_hal_rcc_ex.o
 .debug_macro   0x0002bfdf      0x23f ./Drivers/STM32L5xx_HAL_Driver/Src/stm32l5xx_hal_sd.o
 .debug_macro   0x0002c21e      0x231 ./Drivers/STM32L5xx_HAL_Driver/Src/stm32l5xx_hal_spi.o
 .debug_macro   0x0002c44f      0x22a ./Drivers/STM32L5xx_HAL_Driver/Src/stm32l5xx_hal_tim.o
 .debug_macro   0x0002c679      0x22f ./Drivers/STM32L5xx_HAL_Driver/Src/stm32l5xx_hal_tim_ex.o
 .debug_macro   0x0002c8a8      0x254 ./Drivers/STM32L5xx_HAL_Driver/Src/stm32l5xx_hal_uart.o
 .debug_macro   0x0002cafc      0x235 ./Drivers/STM32L5xx_HAL_Driver/Src/stm32l5xx_hal_uart_ex.o
 .debug_macro   0x0002cd31      0x22a ./Drivers/STM32L5xx_HAL_Driver/Src/stm32l5xx_ll_sdmmc.o
 .debug_macro   0x0002cf5b      0x362 ./FATFS/App/app_fatfs.o
 .debug_macro   0x0002d2bd       0xd7 ./FATFS/App/app_fatfs.o
 .debug_macro   0x0002d394      0x354 ./FATFS/Target/sd_diskio.o
 .debug_macro   0x0002d6e8       0x16 ./FATFS/Target/sd_diskio.o
 .debug_macro   0x0002d6fe       0x7c ./FATFS/Target/sd_diskio.o
 .debug_macro   0x0002d77a      0x34a ./Middlewares/Third_Party/FatFs/src/ff_gen_drv.o

.debug_line     0x00000000    0x239b0
 .debug_line    0x00000000      0x76f ./Core/Src/dma.o
 .debug_line    0x0000076f      0x83d ./Core/Src/gpio.o
 .debug_line    0x00000fac      0x924 ./Core/Src/i2c.o
 .debug_line    0x000018d0      0xddf ./Core/Src/main.o
 .debug_line    0x000026af      0x7f8 ./Core/Src/sdmmc.o
 .debug_line    0x00002ea7      0x877 ./Core/Src/spi.o
 .debug_line    0x0000371e      0x773 ./Core/Src/stm32l5xx_hal_msp.o
 .debug_line    0x00003e91      0x865 ./Core/Src/stm32l5xx_it.o
 .debug_line    0x000046f6      0x80d ./Core/Src/system_stm32l5xx.o
 .debug_line    0x00004f03      0x896 ./Core/Src/tim.o
 .debug_line    0x00005799      0xaa5 ./Core/Src/usart.o
 .debug_line    0x0000623e       0x79 ./Core/Startup/startup_stm32l562zetxq.o
 .debug_line    0x000062b7      0xb83 ./Drivers/STM32L5xx_HAL_Driver/Src/stm32l5xx_hal.o
 .debug_line    0x00006e3a      0xdcf ./Drivers/STM32L5xx_HAL_Driver/Src/stm32l5xx_hal_cortex.o
 .debug_line    0x00007c09     0x1016 ./Drivers/STM32L5xx_HAL_Driver/Src/stm32l5xx_hal_dma.o
 .debug_line    0x00008c1f      0xbab ./Drivers/STM32L5xx_HAL_Driver/Src/stm32l5xx_hal_exti.o
 .debug_line    0x000097ca      0xbe0 ./Drivers/STM32L5xx_HAL_Driver/Src/stm32l5xx_hal_gpio.o
 .debug_line    0x0000a3aa     0x3a61 ./Drivers/STM32L5xx_HAL_Driver/Src/stm32l5xx_hal_i2c.o
 .debug_line    0x0000de0b      0x990 ./Drivers/STM32L5xx_HAL_Driver/Src/stm32l5xx_hal_i2c_ex.o
 .debug_line    0x0000e79b      0xf31 ./Drivers/STM32L5xx_HAL_Driver/Src/stm32l5xx_hal_pwr_ex.o
 .debug_line    0x0000f6cc     0x12c2 ./Drivers/STM32L5xx_HAL_Driver/Src/stm32l5xx_hal_rcc.o
 .debug_line    0x0001098e     0x1c11 ./Drivers/STM32L5xx_HAL_Driver/Src/stm32l5xx_hal_rcc_ex.o
 .debug_line    0x0001259f     0x20e3 ./Drivers/STM32L5xx_HAL_Driver/Src/stm32l5xx_hal_sd.o
 .debug_line    0x00014682     0x201a ./Drivers/STM32L5xx_HAL_Driver/Src/stm32l5xx_hal_spi.o
 .debug_line    0x0001669c     0x3e74 ./Drivers/STM32L5xx_HAL_Driver/Src/stm32l5xx_hal_tim.o
 .debug_line    0x0001a510     0x1d53 ./Drivers/STM32L5xx_HAL_Driver/Src/stm32l5xx_hal_tim_ex.o
 .debug_line    0x0001c263     0x3c15 ./Drivers/STM32L5xx_HAL_Driver/Src/stm32l5xx_hal_uart.o
 .debug_line    0x0001fe78      0xdc1 ./Drivers/STM32L5xx_HAL_Driver/Src/stm32l5xx_hal_uart_ex.o
 .debug_line    0x00020c39     0x1085 ./Drivers/STM32L5xx_HAL_Driver/Src/stm32l5xx_ll_sdmmc.o
 .debug_line    0x00021cbe      0x97f ./FATFS/App/app_fatfs.o
 .debug_line    0x0002263d      0x993 ./FATFS/Target/sd_diskio.o
 .debug_line    0x00022fd0      0x9e0 ./Middlewares/Third_Party/FatFs/src/ff_gen_drv.o

.debug_str      0x00000000   0x118f1a
 .debug_str     0x00000000   0x10cb9f ./Core/Src/dma.o
                             0x10ce78 (size before relaxing)
 .debug_str     0x0010cb9f       0xea ./Core/Src/gpio.o
                             0x10c955 (size before relaxing)
 .debug_str     0x0010cc89      0x8d3 ./Core/Src/i2c.o
                             0x10d275 (size before relaxing)
 .debug_str     0x0010d55c     0x4cc1 ./Core/Src/main.o
                             0x112327 (size before relaxing)
 .debug_str     0x0011221d      0x236 ./Core/Src/sdmmc.o
                             0x10d55d (size before relaxing)
 .debug_str     0x00112453       0x4b ./Core/Src/spi.o
                             0x10ce79 (size before relaxing)
 .debug_str     0x0011249e       0x4d ./Core/Src/stm32l5xx_hal_msp.o
                             0x10c85b (size before relaxing)
 .debug_str     0x001124eb      0x127 ./Core/Src/stm32l5xx_it.o
                             0x10cd01 (size before relaxing)
 .debug_str     0x00112612      0x182 ./Core/Src/system_stm32l5xx.o
                             0x10c46a (size before relaxing)
 .debug_str     0x00112794      0x222 ./Core/Src/tim.o
                             0x10d214 (size before relaxing)
 .debug_str     0x001129b6       0xa8 ./Core/Src/usart.o
                             0x10d2c8 (size before relaxing)
 .debug_str     0x00112a5e       0x45 ./Core/Startup/startup_stm32l562zetxq.o
                                 0x84 (size before relaxing)
 .debug_str     0x00112aa3      0x583 ./Drivers/STM32L5xx_HAL_Driver/Src/stm32l5xx_hal.o
                             0x10d000 (size before relaxing)
 .debug_str     0x00113026      0x3c0 ./Drivers/STM32L5xx_HAL_Driver/Src/stm32l5xx_hal_cortex.o
                             0x10ce3f (size before relaxing)
 .debug_str     0x001133e6      0x2dd ./Drivers/STM32L5xx_HAL_Driver/Src/stm32l5xx_hal_dma.o
                             0x10c7dc (size before relaxing)
 .debug_str     0x001136c3      0x31a ./Drivers/STM32L5xx_HAL_Driver/Src/stm32l5xx_hal_exti.o
                             0x10c4ea (size before relaxing)
 .debug_str     0x001139dd       0xf1 ./Drivers/STM32L5xx_HAL_Driver/Src/stm32l5xx_hal_gpio.o
                             0x10c3f3 (size before relaxing)
 .debug_str     0x00113ace      0xda0 ./Drivers/STM32L5xx_HAL_Driver/Src/stm32l5xx_hal_i2c.o
                             0x10d689 (size before relaxing)
 .debug_str     0x0011486e       0xb8 ./Drivers/STM32L5xx_HAL_Driver/Src/stm32l5xx_hal_i2c_ex.o
                             0x10ca2d (size before relaxing)
 .debug_str     0x00114926      0x70d ./Drivers/STM32L5xx_HAL_Driver/Src/stm32l5xx_hal_pwr_ex.o
                             0x10cbcf (size before relaxing)
 .debug_str     0x00115033      0x3d0 ./Drivers/STM32L5xx_HAL_Driver/Src/stm32l5xx_hal_rcc.o
                             0x10ca84 (size before relaxing)
 .debug_str     0x00115403      0x7b1 ./Drivers/STM32L5xx_HAL_Driver/Src/stm32l5xx_hal_rcc_ex.o
                             0x10cfda (size before relaxing)
 .debug_str     0x00115bb4      0x9f3 ./Drivers/STM32L5xx_HAL_Driver/Src/stm32l5xx_hal_sd.o
                             0x10cfbf (size before relaxing)
 .debug_str     0x001165a7      0x541 ./Drivers/STM32L5xx_HAL_Driver/Src/stm32l5xx_hal_spi.o
                             0x10cca9 (size before relaxing)
 .debug_str     0x00116ae8      0xdf8 ./Drivers/STM32L5xx_HAL_Driver/Src/stm32l5xx_hal_tim.o
                             0x10d7c8 (size before relaxing)
 .debug_str     0x001178e0      0x55f ./Drivers/STM32L5xx_HAL_Driver/Src/stm32l5xx_hal_tim_ex.o
                             0x10d161 (size before relaxing)
 .debug_str     0x00117e3f      0x981 ./Drivers/STM32L5xx_HAL_Driver/Src/stm32l5xx_hal_uart.o
                             0x10d3aa (size before relaxing)
 .debug_str     0x001187c0      0x264 ./Drivers/STM32L5xx_HAL_Driver/Src/stm32l5xx_hal_uart_ex.o
                             0x10cb38 (size before relaxing)
 .debug_str     0x00118a24      0x282 ./Drivers/STM32L5xx_HAL_Driver/Src/stm32l5xx_ll_sdmmc.o
                             0x10c80c (size before relaxing)
 .debug_str     0x00118ca6      0x160 ./FATFS/App/app_fatfs.o
                             0x1100c3 (size before relaxing)
 .debug_str     0x00118e06       0x5a ./FATFS/Target/sd_diskio.o
                             0x10ff01 (size before relaxing)
 .debug_str     0x00118e60       0xba ./Middlewares/Third_Party/FatFs/src/ff_gen_drv.o
                             0x10ff60 (size before relaxing)

.comment        0x00000000       0x43
 .comment       0x00000000       0x43 ./Core/Src/dma.o
                                 0x44 (size before relaxing)
 .comment       0x00000043       0x44 ./Core/Src/gpio.o
 .comment       0x00000043       0x44 ./Core/Src/i2c.o
 .comment       0x00000043       0x44 ./Core/Src/main.o
 .comment       0x00000043       0x44 ./Core/Src/sdmmc.o
 .comment       0x00000043       0x44 ./Core/Src/spi.o
 .comment       0x00000043       0x44 ./Core/Src/stm32l5xx_hal_msp.o
 .comment       0x00000043       0x44 ./Core/Src/stm32l5xx_it.o
 .comment       0x00000043       0x44 ./Core/Src/system_stm32l5xx.o
 .comment       0x00000043       0x44 ./Core/Src/tim.o
 .comment       0x00000043       0x44 ./Core/Src/usart.o
 .comment       0x00000043       0x44 ./Drivers/STM32L5xx_HAL_Driver/Src/stm32l5xx_hal.o
 .comment       0x00000043       0x44 ./Drivers/STM32L5xx_HAL_Driver/Src/stm32l5xx_hal_cortex.o
 .comment       0x00000043       0x44 ./Drivers/STM32L5xx_HAL_Driver/Src/stm32l5xx_hal_dma.o
 .comment       0x00000043       0x44 ./Drivers/STM32L5xx_HAL_Driver/Src/stm32l5xx_hal_exti.o
 .comment       0x00000043       0x44 ./Drivers/STM32L5xx_HAL_Driver/Src/stm32l5xx_hal_gpio.o
 .comment       0x00000043       0x44 ./Drivers/STM32L5xx_HAL_Driver/Src/stm32l5xx_hal_i2c.o
 .comment       0x00000043       0x44 ./Drivers/STM32L5xx_HAL_Driver/Src/stm32l5xx_hal_i2c_ex.o
 .comment       0x00000043       0x44 ./Drivers/STM32L5xx_HAL_Driver/Src/stm32l5xx_hal_pwr_ex.o
 .comment       0x00000043       0x44 ./Drivers/STM32L5xx_HAL_Driver/Src/stm32l5xx_hal_rcc.o
 .comment       0x00000043       0x44 ./Drivers/STM32L5xx_HAL_Driver/Src/stm32l5xx_hal_rcc_ex.o
 .comment       0x00000043       0x44 ./Drivers/STM32L5xx_HAL_Driver/Src/stm32l5xx_hal_sd.o
 .comment       0x00000043       0x44 ./Drivers/STM32L5xx_HAL_Driver/Src/stm32l5xx_hal_spi.o
 .comment       0x00000043       0x44 ./Drivers/STM32L5xx_HAL_Driver/Src/stm32l5xx_hal_tim.o
 .comment       0x00000043       0x44 ./Drivers/STM32L5xx_HAL_Driver/Src/stm32l5xx_hal_tim_ex.o
 .comment       0x00000043       0x44 ./Drivers/STM32L5xx_HAL_Driver/Src/stm32l5xx_hal_uart.o
 .comment       0x00000043       0x44 ./Drivers/STM32L5xx_HAL_Driver/Src/stm32l5xx_hal_uart_ex.o
 .comment       0x00000043       0x44 ./Drivers/STM32L5xx_HAL_Driver/Src/stm32l5xx_ll_sdmmc.o
 .comment       0x00000043       0x44 ./FATFS/App/app_fatfs.o
 .comment       0x00000043       0x44 ./FATFS/Target/sd_diskio.o
 .comment       0x00000043       0x44 ./Middlewares/Third_Party/FatFs/src/ff_gen_drv.o

.debug_frame    0x00000000     0x7254
 .debug_frame   0x00000000       0x34 ./Core/Src/dma.o
 .debug_frame   0x00000034       0x38 ./Core/Src/gpio.o
 .debug_frame   0x0000006c       0xb0 ./Core/Src/i2c.o
 .debug_frame   0x0000011c      0x250 ./Core/Src/main.o
 .debug_frame   0x0000036c       0x7c ./Core/Src/sdmmc.o
 .debug_frame   0x000003e8       0x90 ./Core/Src/spi.o
 .debug_frame   0x00000478       0x34 ./Core/Src/stm32l5xx_hal_msp.o
 .debug_frame   0x000004ac      0x13c ./Core/Src/stm32l5xx_it.o
 .debug_frame   0x000005e8       0x58 ./Core/Src/system_stm32l5xx.o
 .debug_frame   0x00000640       0xa0 ./Core/Src/tim.o
 .debug_frame   0x000006e0       0xe8 ./Core/Src/usart.o
 .debug_frame   0x000007c8      0x4a4 ./Drivers/STM32L5xx_HAL_Driver/Src/stm32l5xx_hal.o
 .debug_frame   0x00000c6c      0x558 ./Drivers/STM32L5xx_HAL_Driver/Src/stm32l5xx_hal_cortex.o
 .debug_frame   0x000011c4      0x29c ./Drivers/STM32L5xx_HAL_Driver/Src/stm32l5xx_hal_dma.o
 .debug_frame   0x00001460      0x1c4 ./Drivers/STM32L5xx_HAL_Driver/Src/stm32l5xx_hal_exti.o
 .debug_frame   0x00001624      0x174 ./Drivers/STM32L5xx_HAL_Driver/Src/stm32l5xx_hal_gpio.o
 .debug_frame   0x00001798      0xc38 ./Drivers/STM32L5xx_HAL_Driver/Src/stm32l5xx_hal_i2c.o
 .debug_frame   0x000023d0      0x100 ./Drivers/STM32L5xx_HAL_Driver/Src/stm32l5xx_hal_i2c_ex.o
 .debug_frame   0x000024d0      0x6fc ./Drivers/STM32L5xx_HAL_Driver/Src/stm32l5xx_hal_pwr_ex.o
 .debug_frame   0x00002bcc      0x298 ./Drivers/STM32L5xx_HAL_Driver/Src/stm32l5xx_hal_rcc.o
 .debug_frame   0x00002e64      0x48c ./Drivers/STM32L5xx_HAL_Driver/Src/stm32l5xx_hal_rcc_ex.o
 .debug_frame   0x000032f0      0x670 ./Drivers/STM32L5xx_HAL_Driver/Src/stm32l5xx_hal_sd.o
 .debug_frame   0x00003960      0x860 ./Drivers/STM32L5xx_HAL_Driver/Src/stm32l5xx_hal_spi.o
 .debug_frame   0x000041c0     0x121c ./Drivers/STM32L5xx_HAL_Driver/Src/stm32l5xx_hal_tim.o
 .debug_frame   0x000053dc      0x6fc ./Drivers/STM32L5xx_HAL_Driver/Src/stm32l5xx_hal_tim_ex.o
 .debug_frame   0x00005ad8      0xa94 ./Drivers/STM32L5xx_HAL_Driver/Src/stm32l5xx_hal_uart.o
 .debug_frame   0x0000656c      0x2c0 ./Drivers/STM32L5xx_HAL_Driver/Src/stm32l5xx_hal_uart_ex.o
 .debug_frame   0x0000682c      0x764 ./Drivers/STM32L5xx_HAL_Driver/Src/stm32l5xx_ll_sdmmc.o
 .debug_frame   0x00006f90       0x74 ./FATFS/App/app_fatfs.o
 .debug_frame   0x00007004       0xd8 ./FATFS/Target/sd_diskio.o
 .debug_frame   0x000070dc       0xc8 ./Middlewares/Third_Party/FatFs/src/ff_gen_drv.o
 .debug_frame   0x000071a4       0x20 /opt/st/stm32cubeide_1.15.1/plugins/com.st.stm32cube.ide.mcu.externaltools.gnu-tools-for-stm32.12.3.rel1.linux64_1.0.100.202403111256/tools/bin/../lib/gcc/arm-none-eabi/12.3.1/../../../../arm-none-eabi/lib/thumb/v8-m.main+fp/hard/libc_nano.a(libc_a-memset.o)
 .debug_frame   0x000071c4       0x2c /opt/st/stm32cubeide_1.15.1/plugins/com.st.stm32cube.ide.mcu.externaltools.gnu-tools-for-stm32.12.3.rel1.linux64_1.0.100.202403111256/tools/bin/../lib/gcc/arm-none-eabi/12.3.1/../../../../arm-none-eabi/lib/thumb/v8-m.main+fp/hard/libc_nano.a(libc_a-init.o)
 .debug_frame   0x000071f0       0x2c /opt/st/stm32cubeide_1.15.1/plugins/com.st.stm32cube.ide.mcu.externaltools.gnu-tools-for-stm32.12.3.rel1.linux64_1.0.100.202403111256/tools/bin/../lib/gcc/arm-none-eabi/12.3.1/thumb/v8-m.main+fp/hard/libgcc.a(_aeabi_uldivmod.o)
 .debug_frame   0x0000721c       0x38 /opt/st/stm32cubeide_1.15.1/plugins/com.st.stm32cube.ide.mcu.externaltools.gnu-tools-for-stm32.12.3.rel1.linux64_1.0.100.202403111256/tools/bin/../lib/gcc/arm-none-eabi/12.3.1/thumb/v8-m.main+fp/hard/libgcc.a(_udivmoddi4.o)

.debug_line_str
                0x00000000       0x68
 .debug_line_str
                0x00000000       0x68 ./Core/Startup/startup_stm32l562zetxq.o
