../Core/Src/main.c:188:5:main	8	static
../Core/Src/main.c:293:6:SystemClock_Config	104	static
../Core/Src/main.c:367:6:MX_TIM3_Init	40	static
../Core/Src/main.c:430:6:GPIOTest	8	static
../Core/Src/main.c:496:6:UART_Test	24	static
../Core/Src/main.c:566:6:I2C_Test	24	static
../Core/Src/main.c:614:6:SPI_Test	24	static
../Core/Src/main.c:628:6:SPI_Test_2	24	static
../Core/Src/main.c:643:6:MicroSD_Test	576	static
../Core/Src/main.c:732:6:PWM_DMA_GEN	24	static
../Core/Src/main.c:752:6:Transmit_Sequence	24	static
../Core/Src/main.c:786:6:HAL_TIM_PWM_PulseFinishedCallback	16	static
../Core/Src/main.c:804:6:Interlock_Check	112	static
../Core/Src/main.c:859:6:Start_PWM	8	static
../Core/Src/main.c:868:6:Set_PWM_DutyCycle	48	static
../Core/Src/main.c:926:6:PWM_GEN	8	static
../Core/Src/main.c:969:6:Error_Handler	4	static,ignoring_inline_asm
